[2026/08/31 22:43:32.154, java.exe (PID: 8556, TID: 62348), JavaEnvironment.cpp:502 (JavaEnvironment::detect)]
	TRACE: Entering JavaEnvironment::detect
[2026/08/31 22:43:32.159, java.exe (PID: 8556, TID: 62348), JavaEnvironment.cpp:519 (JavaEnvironment::detect)]
	TRACE: Installed Java detected: version=; arch=64; productCode={AA2685C5-73D8-54BD-A9B7-2701251A8921}; type=1
[2026/08/31 22:43:32.159, java.exe (PID: 8556, TID: 62348), JavaEnvironment.cpp:135 (`anonymous-namespace'::detectHomeDir)]
	TRACE: Find home dir of {AA2685C5-73D8-54BD-A9B7-2701251A8921} Java installation
[2026/08/31 22:43:32.159, java.exe (PID: 8556, TID: 62348), JavaEnvironment.cpp:302 (`anonymous-namespace'::detectFullVersion)]
	TRACE: Detect full version of {AA2685C5-73D8-54BD-A9B7-2701251A8921} Java installation
[2026/08/31 22:43:32.159, java.exe (PID: 8556, TID: 62348), JavaEnvironment.cpp:213 (`anonymous-namespace'::detectFullVersionFromMsi)]
	TRACE: detectFullVersionFromMsi({AA2685C5-73D8-54BD-A9B7-2701251A8921})
[2026/08/31 22:43:32.171, java.exe (PID: 8556, TID: 62348), JavaEnvironment.cpp:481 (`anonymous-namespace'::getInstalledJava)]
	TRACE: InstalledJava(22.0.2+9|22.0.2+9|JDK|64bit|C:\Program Files\Java\jdk-22|{AA2685C5-73D8-54BD-A9B7-2701251A8921}|-10|)
[2026/08/31 22:43:32.171, java.exe (PID: 8556, TID: 62348), JavaEnvironment.cpp:519 (JavaEnvironment::detect)]
	TRACE: Installed Java detected: version=; arch=64; productCode={7AC0DED7-7B0B-5E37-B366-CEF8BE7F4CDE}; type=1
[2026/08/31 22:43:32.172, java.exe (PID: 8556, TID: 62348), JavaEnvironment.cpp:135 (`anonymous-namespace'::detectHomeDir)]
	TRACE: Find home dir of {7AC0DED7-7B0B-5E37-B366-CEF8BE7F4CDE} Java installation
[2026/08/31 22:43:32.172, java.exe (PID: 8556, TID: 62348), JavaEnvironment.cpp:302 (`anonymous-namespace'::detectFullVersion)]
	TRACE: Detect full version of {7AC0DED7-7B0B-5E37-B366-CEF8BE7F4CDE} Java installation
[2026/08/31 22:43:32.173, java.exe (PID: 8556, TID: 62348), JavaEnvironment.cpp:213 (`anonymous-namespace'::detectFullVersionFromMsi)]
	TRACE: detectFullVersionFromMsi({7AC0DED7-7B0B-5E37-B366-CEF8BE7F4CDE})
[2026/08/31 22:43:32.174, java.exe (PID: 8556, TID: 62348), JavaEnvironment.cpp:481 (`anonymous-namespace'::getInstalledJava)]
	TRACE: InstalledJava(25.0.2+10|25.0.2+10|JDK|64bit|C:\Program Files\Java\jdk-25.0.2|{7AC0DED7-7B0B-5E37-B366-CEF8BE7F4CDE}|-10|)
[2026/08/31 22:43:32.177, java.exe (PID: 8556, TID: 62348), JavaEnvironment.cpp:0 (JavaEnvironment::detect)]
	TRACE: Exiting JavaEnvironment::detect (entered at JavaEnvironment.cpp:502)
[2026/08/31 22:43:32.185, java.exe (PID: 8556, TID: 62348), Executor.cpp:706 (Executor2::startProcess)]
	TRACE: CreateProcess(C:\Program Files\Java\jdk-25.0.2\bin\java.exe, "C:\Program Files\Java\jdk-25.0.2\bin\java.exe" --enable-native-access=ALL-UNNAMED -version) succeeded; PID=31428
[2026/08/31 22:43:32.227, java.exe (PID: 8556, TID: 62348), Executor.cpp:667 (Executor2::execAndWait)]
	TRACE: Process with PID=31428 terminated. Exit code=0
[2026/08/31 22:43:32.246, java.exe (PID: 31148, TID: 28640), JavaEnvironment.cpp:502 (JavaEnvironment::detect)]
	TRACE: Entering JavaEnvironment::detect
[2026/08/31 22:43:32.256, java.exe (PID: 31148, TID: 28640), JavaEnvironment.cpp:519 (JavaEnvironment::detect)]
	TRACE: Installed Java detected: version=; arch=64; productCode={AA2685C5-73D8-54BD-A9B7-2701251A8921}; type=1
[2026/08/31 22:43:32.256, java.exe (PID: 31148, TID: 28640), JavaEnvironment.cpp:135 (`anonymous-namespace'::detectHomeDir)]
	TRACE: Find home dir of {AA2685C5-73D8-54BD-A9B7-2701251A8921} Java installation
[2026/08/31 22:43:32.257, java.exe (PID: 31148, TID: 28640), JavaEnvironment.cpp:302 (`anonymous-namespace'::detectFullVersion)]
	TRACE: Detect full version of {AA2685C5-73D8-54BD-A9B7-2701251A8921} Java installation
[2026/08/31 22:43:32.257, java.exe (PID: 31148, TID: 28640), JavaEnvironment.cpp:213 (`anonymous-namespace'::detectFullVersionFromMsi)]
	TRACE: detectFullVersionFromMsi({AA2685C5-73D8-54BD-A9B7-2701251A8921})
[2026/08/31 22:43:32.260, java.exe (PID: 31148, TID: 28640), JavaEnvironment.cpp:481 (`anonymous-namespace'::getInstalledJava)]
	TRACE: InstalledJava(22.0.2+9|22.0.2+9|JDK|64bit|C:\Program Files\Java\jdk-22|{AA2685C5-73D8-54BD-A9B7-2701251A8921}|-10|)
[2026/08/31 22:43:32.261, java.exe (PID: 31148, TID: 28640), JavaEnvironment.cpp:519 (JavaEnvironment::detect)]
	TRACE: Installed Java detected: version=; arch=64; productCode={7AC0DED7-7B0B-5E37-B366-CEF8BE7F4CDE}; type=1
[2026/08/31 22:43:32.261, java.exe (PID: 31148, TID: 28640), JavaEnvironment.cpp:135 (`anonymous-namespace'::detectHomeDir)]
	TRACE: Find home dir of {7AC0DED7-7B0B-5E37-B366-CEF8BE7F4CDE} Java installation
[2026/08/31 22:43:32.262, java.exe (PID: 31148, TID: 28640), JavaEnvironment.cpp:302 (`anonymous-namespace'::detectFullVersion)]
	TRACE: Detect full version of {7AC0DED7-7B0B-5E37-B366-CEF8BE7F4CDE} Java installation
[2026/08/31 22:43:32.262, java.exe (PID: 31148, TID: 28640), JavaEnvironment.cpp:213 (`anonymous-namespace'::detectFullVersionFromMsi)]
	TRACE: detectFullVersionFromMsi({7AC0DED7-7B0B-5E37-B366-CEF8BE7F4CDE})
[2026/08/31 22:43:32.263, java.exe (PID: 31148, TID: 28640), JavaEnvironment.cpp:481 (`anonymous-namespace'::getInstalledJava)]
	TRACE: InstalledJava(25.0.2+10|25.0.2+10|JDK|64bit|C:\Program Files\Java\jdk-25.0.2|{7AC0DED7-7B0B-5E37-B366-CEF8BE7F4CDE}|-10|)
[2026/08/31 22:43:32.263, java.exe (PID: 31148, TID: 28640), JavaEnvironment.cpp:0 (JavaEnvironment::detect)]
	TRACE: Exiting JavaEnvironment::detect (entered at JavaEnvironment.cpp:502)
[2026/08/31 22:43:32.263, java.exe (PID: 31148, TID: 28640), Executor.cpp:706 (Executor2::startProcess)]
	TRACE: CreateProcess(C:\Program Files\Java\jdk-25.0.2\bin\java.exe, "C:\Program Files\Java\jdk-25.0.2\bin\java.exe" --enable-native-access=ALL-UNNAMED -Duser.home=C:\Users\ASUS -classpath "C:\Program Files\apache-maven-3.9.16-bin\apache-maven-3.9.16\boot\plexus-classworlds-2.11.0.jar" "-Dclassworlds.conf=C:\Program Files\apache-maven-3.9.16-bin\apache-maven-3.9.16\bin\m2.conf" "-Dmaven.home=C:\Program Files\apache-maven-3.9.16-bin\apache-maven-3.9.16" "-Dlibrary.jansi.path=C:\Program Files\apache-maven-3.9.16-bin\apache-maven-3.9.16\lib\jansi-native" -Dmaven.multiModuleProjectDirectory=C:\Users\ASUS\OneDrive\Desktop\tripnest\Travel-Planning-Trip-Management-Platform-Team2-intern_saisushma\tripnest-backend org.codehaus.plexus.classworlds.launcher.Launcher spring-boot:run) succeeded; PID=36236
[2026/08/31 22:43:59.602, java.exe (PID: 31148, TID: 28640), Executor.cpp:667 (Executor2::execAndWait)]
	TRACE: Process with PID=36236 terminated. Exit code=0
[2026/08/31 22:44:38.120, java.exe (PID: 46620, TID: 47464), JavaEnvironment.cpp:502 (JavaEnvironment::detect)]
	TRACE: Entering JavaEnvironment::detect
[2026/08/31 22:44:38.131, java.exe (PID: 46620, TID: 47464), JavaEnvironment.cpp:519 (JavaEnvironment::detect)]
	TRACE: Installed Java detected: version=; arch=64; productCode={AA2685C5-73D8-54BD-A9B7-2701251A8921}; type=1
[2026/08/31 22:44:38.132, java.exe (PID: 46620, TID: 47464), JavaEnvironment.cpp:135 (`anonymous-namespace'::detectHomeDir)]
	TRACE: Find home dir of {AA2685C5-73D8-54BD-A9B7-2701251A8921} Java installation
[2026/08/31 22:44:38.132, java.exe (PID: 46620, TID: 47464), JavaEnvironment.cpp:302 (`anonymous-namespace'::detectFullVersion)]
	TRACE: Detect full version of {AA2685C5-73D8-54BD-A9B7-2701251A8921} Java installation
[2026/08/31 22:44:38.133, java.exe (PID: 46620, TID: 47464), JavaEnvironment.cpp:213 (`anonymous-namespace'::detectFullVersionFromMsi)]
	TRACE: detectFullVersionFromMsi({AA2685C5-73D8-54BD-A9B7-2701251A8921})
[2026/08/31 22:44:38.137, java.exe (PID: 46620, TID: 47464), JavaEnvironment.cpp:481 (`anonymous-namespace'::getInstalledJava)]
	TRACE: InstalledJava(22.0.2+9|22.0.2+9|JDK|64bit|C:\Program Files\Java\jdk-22|{AA2685C5-73D8-54BD-A9B7-2701251A8921}|-10|)
[2026/08/31 22:44:38.138, java.exe (PID: 46620, TID: 47464), JavaEnvironment.cpp:519 (JavaEnvironment::detect)]
	TRACE: Installed Java detected: version=; arch=64; productCode={7AC0DED7-7B0B-5E37-B366-CEF8BE7F4CDE}; type=1
[2026/08/31 22:44:38.139, java.exe (PID: 46620, TID: 47464), JavaEnvironment.cpp:135 (`anonymous-namespace'::detectHomeDir)]
	TRACE: Find home dir of {7AC0DED7-7B0B-5E37-B366-CEF8BE7F4CDE} Java installation
[2026/08/31 22:44:38.139, java.exe (PID: 46620, TID: 47464), JavaEnvironment.cpp:302 (`anonymous-namespace'::detectFullVersion)]
	TRACE: Detect full version of {7AC0DED7-7B0B-5E37-B366-CEF8BE7F4CDE} Java installation
[2026/08/31 22:44:38.139, java.exe (PID: 46620, TID: 47464), JavaEnvironment.cpp:213 (`anonymous-namespace'::detectFullVersionFromMsi)]
	TRACE: detectFullVersionFromMsi({7AC0DED7-7B0B-5E37-B366-CEF8BE7F4CDE})
[2026/08/31 22:44:38.139, java.exe (PID: 46620, TID: 47464), JavaEnvironment.cpp:481 (`anonymous-namespace'::getInstalledJava)]
	TRACE: InstalledJava(25.0.2+10|25.0.2+10|JDK|64bit|C:\Program Files\Java\jdk-25.0.2|{7AC0DED7-7B0B-5E37-B366-CEF8BE7F4CDE}|-10|)
[2026/08/31 22:44:38.145, java.exe (PID: 46620, TID: 47464), JavaEnvironment.cpp:0 (JavaEnvironment::detect)]
	TRACE: Exiting JavaEnvironment::detect (entered at JavaEnvironment.cpp:502)
[2026/08/31 22:44:38.153, java.exe (PID: 46620, TID: 47464), Executor.cpp:706 (Executor2::startProcess)]
	TRACE: CreateProcess(C:\Program Files\Java\jdk-25.0.2\bin\java.exe, "C:\Program Files\Java\jdk-25.0.2\bin\java.exe" --enable-native-access=ALL-UNNAMED -version) succeeded; PID=45904
[2026/08/31 22:44:38.202, java.exe (PID: 46620, TID: 47464), Executor.cpp:667 (Executor2::execAndWait)]
	TRACE: Process with PID=45904 terminated. Exit code=0
[2026/08/31 22:44:38.219, java.exe (PID: 73328, TID: 28044), JavaEnvironment.cpp:502 (JavaEnvironment::detect)]
	TRACE: Entering JavaEnvironment::detect
[2026/08/31 22:44:38.229, java.exe (PID: 73328, TID: 28044), JavaEnvironment.cpp:519 (JavaEnvironment::detect)]
	TRACE: Installed Java detected: version=; arch=64; productCode={AA2685C5-73D8-54BD-A9B7-2701251A8921}; type=1
[2026/08/31 22:44:38.229, java.exe (PID: 73328, TID: 28044), JavaEnvironment.cpp:135 (`anonymous-namespace'::detectHomeDir)]
	TRACE: Find home dir of {AA2685C5-73D8-54BD-A9B7-2701251A8921} Java installation
[2026/08/31 22:44:38.230, java.exe (PID: 73328, TID: 28044), JavaEnvironment.cpp:302 (`anonymous-namespace'::detectFullVersion)]
	TRACE: Detect full version of {AA2685C5-73D8-54BD-A9B7-2701251A8921} Java installation
[2026/08/31 22:44:38.230, java.exe (PID: 73328, TID: 28044), JavaEnvironment.cpp:213 (`anonymous-namespace'::detectFullVersionFromMsi)]
	TRACE: detectFullVersionFromMsi({AA2685C5-73D8-54BD-A9B7-2701251A8921})
[2026/08/31 22:44:38.234, java.exe (PID: 73328, TID: 28044), JavaEnvironment.cpp:481 (`anonymous-namespace'::getInstalledJava)]
	TRACE: InstalledJava(22.0.2+9|22.0.2+9|JDK|64bit|C:\Program Files\Java\jdk-22|{AA2685C5-73D8-54BD-A9B7-2701251A8921}|-10|)
[2026/08/31 22:44:38.234, java.exe (PID: 73328, TID: 28044), JavaEnvironment.cpp:519 (JavaEnvironment::detect)]
	TRACE: Installed Java detected: version=; arch=64; productCode={7AC0DED7-7B0B-5E37-B366-CEF8BE7F4CDE}; type=1
[2026/08/31 22:44:38.235, java.exe (PID: 73328, TID: 28044), JavaEnvironment.cpp:135 (`anonymous-namespace'::detectHomeDir)]
	TRACE: Find home dir of {7AC0DED7-7B0B-5E37-B366-CEF8BE7F4CDE} Java installation
[2026/08/31 22:44:38.235, java.exe (PID: 73328, TID: 28044), JavaEnvironment.cpp:302 (`anonymous-namespace'::detectFullVersion)]
	TRACE: Detect full version of {7AC0DED7-7B0B-5E37-B366-CEF8BE7F4CDE} Java installation
[2026/08/31 22:44:38.235, java.exe (PID: 73328, TID: 28044), JavaEnvironment.cpp:213 (`anonymous-namespace'::detectFullVersionFromMsi)]
	TRACE: detectFullVersionFromMsi({7AC0DED7-7B0B-5E37-B366-CEF8BE7F4CDE})
[2026/08/31 22:44:38.237, java.exe (PID: 73328, TID: 28044), JavaEnvironment.cpp:481 (`anonymous-namespace'::getInstalledJava)]
	TRACE: InstalledJava(25.0.2+10|25.0.2+10|JDK|64bit|C:\Program Files\Java\jdk-25.0.2|{7AC0DED7-7B0B-5E37-B366-CEF8BE7F4CDE}|-10|)
[2026/08/31 22:44:38.240, java.exe (PID: 73328, TID: 28044), JavaEnvironment.cpp:0 (JavaEnvironment::detect)]
	TRACE: Exiting JavaEnvironment::detect (entered at JavaEnvironment.cpp:502)
[2026/08/31 22:44:38.248, java.exe (PID: 73328, TID: 28044), Executor.cpp:706 (Executor2::startProcess)]
	TRACE: CreateProcess(C:\Program Files\Java\jdk-25.0.2\bin\java.exe, "C:\Program Files\Java\jdk-25.0.2\bin\java.exe" --enable-native-access=ALL-UNNAMED -Duser.home=C:\Users\ASUS -classpath "C:\Program Files\apache-maven-3.9.16-bin\apache-maven-3.9.16\boot\plexus-classworlds-2.11.0.jar" "-Dclassworlds.conf=C:\Program Files\apache-maven-3.9.16-bin\apache-maven-3.9.16\bin\m2.conf" "-Dmaven.home=C:\Program Files\apache-maven-3.9.16-bin\apache-maven-3.9.16" "-Dlibrary.jansi.path=C:\Program Files\apache-maven-3.9.16-bin\apache-maven-3.9.16\lib\jansi-native" -Dmaven.multiModuleProjectDirectory=C:\Users\ASUS\OneDrive\Desktop\tripnest\Travel-Planning-Trip-Management-Platform-Team2-intern_saisushma\tripnest-backend org.codehaus.plexus.classworlds.launcher.Launcher spring-boot:run) succeeded; PID=63336
[2026/08/31 22:45:05.880, java.exe (PID: 73328, TID: 28044), Executor.cpp:667 (Executor2::execAndWait)]
	TRACE: Process with PID=63336 terminated. Exit code=0
[2026/08/31 22:45:25.962, java.exe (PID: 71008, TID: 64836), JavaEnvironment.cpp:502 (JavaEnvironment::detect)]
	TRACE: Entering JavaEnvironment::detect
[2026/08/31 22:45:25.976, java.exe (PID: 71008, TID: 64836), JavaEnvironment.cpp:519 (JavaEnvironment::detect)]
	TRACE: Installed Java detected: version=; arch=64; productCode={AA2685C5-73D8-54BD-A9B7-2701251A8921}; type=1
[2026/08/31 22:45:25.976, java.exe (PID: 71008, TID: 64836), JavaEnvironment.cpp:135 (`anonymous-namespace'::detectHomeDir)]
	TRACE: Find home dir of {AA2685C5-73D8-54BD-A9B7-2701251A8921} Java installation
[2026/08/31 22:45:25.977, java.exe (PID: 71008, TID: 64836), JavaEnvironment.cpp:302 (`anonymous-namespace'::detectFullVersion)]
	TRACE: Detect full version of {AA2685C5-73D8-54BD-A9B7-2701251A8921} Java installation
[2026/08/31 22:45:25.977, java.exe (PID: 71008, TID: 64836), JavaEnvironment.cpp:213 (`anonymous-namespace'::detectFullVersionFromMsi)]
	TRACE: detectFullVersionFromMsi({AA2685C5-73D8-54BD-A9B7-2701251A8921})
[2026/08/31 22:45:25.980, java.exe (PID: 71008, TID: 64836), JavaEnvironment.cpp:481 (`anonymous-namespace'::getInstalledJava)]
	TRACE: InstalledJava(22.0.2+9|22.0.2+9|JDK|64bit|C:\Program Files\Java\jdk-22|{AA2685C5-73D8-54BD-A9B7-2701251A8921}|-10|)
[2026/08/31 22:45:25.982, java.exe (PID: 71008, TID: 64836), JavaEnvironment.cpp:519 (JavaEnvironment::detect)]
	TRACE: Installed Java detected: version=; arch=64; productCode={7AC0DED7-7B0B-5E37-B366-CEF8BE7F4CDE}; type=1
[2026/08/31 22:45:25.982, java.exe (PID: 71008, TID: 64836), JavaEnvironment.cpp:135 (`anonymous-namespace'::detectHomeDir)]
	TRACE: Find home dir of {7AC0DED7-7B0B-5E37-B366-CEF8BE7F4CDE} Java installation
[2026/08/31 22:45:25.983, java.exe (PID: 71008, TID: 64836), JavaEnvironment.cpp:302 (`anonymous-namespace'::detectFullVersion)]
	TRACE: Detect full version of {7AC0DED7-7B0B-5E37-B366-CEF8BE7F4CDE} Java installation
[2026/08/31 22:45:25.984, java.exe (PID: 71008, TID: 64836), JavaEnvironment.cpp:213 (`anonymous-namespace'::detectFullVersionFromMsi)]
	TRACE: detectFullVersionFromMsi({7AC0DED7-7B0B-5E37-B366-CEF8BE7F4CDE})
[2026/08/31 22:45:25.986, java.exe (PID: 71008, TID: 64836), JavaEnvironment.cpp:481 (`anonymous-namespace'::getInstalledJava)]
	TRACE: InstalledJava(25.0.2+10|25.0.2+10|JDK|64bit|C:\Program Files\Java\jdk-25.0.2|{7AC0DED7-7B0B-5E37-B366-CEF8BE7F4CDE}|-10|)
[2026/08/31 22:45:25.989, java.exe (PID: 71008, TID: 64836), JavaEnvironment.cpp:0 (JavaEnvironment::detect)]
	TRACE: Exiting JavaEnvironment::detect (entered at JavaEnvironment.cpp:502)
[2026/08/31 22:45:25.998, java.exe (PID: 71008, TID: 64836), Executor.cpp:706 (Executor2::startProcess)]
	TRACE: CreateProcess(C:\Program Files\Java\jdk-25.0.2\bin\java.exe, "C:\Program Files\Java\jdk-25.0.2\bin\java.exe" --enable-native-access=ALL-UNNAMED -version) succeeded; PID=11128
[2026/08/31 22:45:26.047, java.exe (PID: 71008, TID: 64836), Executor.cpp:667 (Executor2::execAndWait)]
	TRACE: Process with PID=11128 terminated. Exit code=0
[2026/08/31 22:45:26.060, java.exe (PID: 62032, TID: 71408), JavaEnvironment.cpp:502 (JavaEnvironment::detect)]
	TRACE: Entering JavaEnvironment::detect
[2026/08/31 22:45:26.076, java.exe (PID: 62032, TID: 71408), JavaEnvironment.cpp:519 (JavaEnvironment::detect)]
	TRACE: Installed Java detected: version=; arch=64; productCode={AA2685C5-73D8-54BD-A9B7-2701251A8921}; type=1
[2026/08/31 22:45:26.077, java.exe (PID: 62032, TID: 71408), JavaEnvironment.cpp:135 (`anonymous-namespace'::detectHomeDir)]
	TRACE: Find home dir of {AA2685C5-73D8-54BD-A9B7-2701251A8921} Java installation
[2026/08/31 22:45:26.077, java.exe (PID: 62032, TID: 71408), JavaEnvironment.cpp:302 (`anonymous-namespace'::detectFullVersion)]
	TRACE: Detect full version of {AA2685C5-73D8-54BD-A9B7-2701251A8921} Java installation
[2026/08/31 22:45:26.077, java.exe (PID: 62032, TID: 71408), JavaEnvironment.cpp:213 (`anonymous-namespace'::detectFullVersionFromMsi)]
	TRACE: detectFullVersionFromMsi({AA2685C5-73D8-54BD-A9B7-2701251A8921})
[2026/08/31 22:45:26.081, java.exe (PID: 62032, TID: 71408), JavaEnvironment.cpp:481 (`anonymous-namespace'::getInstalledJava)]
	TRACE: InstalledJava(22.0.2+9|22.0.2+9|JDK|64bit|C:\Program Files\Java\jdk-22|{AA2685C5-73D8-54BD-A9B7-2701251A8921}|-10|)
[2026/08/31 22:45:26.082, java.exe (PID: 62032, TID: 71408), JavaEnvironment.cpp:519 (JavaEnvironment::detect)]
	TRACE: Installed Java detected: version=; arch=64; productCode={7AC0DED7-7B0B-5E37-B366-CEF8BE7F4CDE}; type=1
[2026/08/31 22:45:26.082, java.exe (PID: 62032, TID: 71408), JavaEnvironment.cpp:135 (`anonymous-namespace'::detectHomeDir)]
	TRACE: Find home dir of {7AC0DED7-7B0B-5E37-B366-CEF8BE7F4CDE} Java installation
[2026/08/31 22:45:26.083, java.exe (PID: 62032, TID: 71408), JavaEnvironment.cpp:302 (`anonymous-namespace'::detectFullVersion)]
	TRACE: Detect full version of {7AC0DED7-7B0B-5E37-B366-CEF8BE7F4CDE} Java installation
[2026/08/31 22:45:26.083, java.exe (PID: 62032, TID: 71408), JavaEnvironment.cpp:213 (`anonymous-namespace'::detectFullVersionFromMsi)]
	TRACE: detectFullVersionFromMsi({7AC0DED7-7B0B-5E37-B366-CEF8BE7F4CDE})
[2026/08/31 22:45:26.084, java.exe (PID: 62032, TID: 71408), JavaEnvironment.cpp:481 (`anonymous-namespace'::getInstalledJava)]
	TRACE: InstalledJava(25.0.2+10|25.0.2+10|JDK|64bit|C:\Program Files\Java\jdk-25.0.2|{7AC0DED7-7B0B-5E37-B366-CEF8BE7F4CDE}|-10|)
[2026/08/31 22:45:26.088, java.exe (PID: 62032, TID: 71408), JavaEnvironment.cpp:0 (JavaEnvironment::detect)]
	TRACE: Exiting JavaEnvironment::detect (entered at JavaEnvironment.cpp:502)
[2026/08/31 22:45:26.095, java.exe (PID: 62032, TID: 71408), Executor.cpp:706 (Executor2::startProcess)]
	TRACE: CreateProcess(C:\Program Files\Java\jdk-25.0.2\bin\java.exe, "C:\Program Files\Java\jdk-25.0.2\bin\java.exe" --enable-native-access=ALL-UNNAMED -Duser.home=C:\Users\ASUS -classpath "C:\Program Files\apache-maven-3.9.16-bin\apache-maven-3.9.16\boot\plexus-classworlds-2.11.0.jar" "-Dclassworlds.conf=C:\Program Files\apache-maven-3.9.16-bin\apache-maven-3.9.16\bin\m2.conf" "-Dmaven.home=C:\Program Files\apache-maven-3.9.16-bin\apache-maven-3.9.16" "-Dlibrary.jansi.path=C:\Program Files\apache-maven-3.9.16-bin\apache-maven-3.9.16\lib\jansi-native" -Dmaven.multiModuleProjectDirectory=C:\Users\ASUS\OneDrive\Desktop\tripnest\Travel-Planning-Trip-Management-Platform-Team2-intern_saisushma\tripnest-backend org.codehaus.plexus.classworlds.launcher.Launcher spring-boot:run) succeeded; PID=35912
[2026/08/31 22:45:53.628, java.exe (PID: 62032, TID: 71408), Executor.cpp:667 (Executor2::execAndWait)]
	TRACE: Process with PID=35912 terminated. Exit code=0
[2026/08/31 22:50:57.709, java.exe (PID: 10584, TID: 32984), JavaEnvironment.cpp:502 (JavaEnvironment::detect)]
	TRACE: Entering JavaEnvironment::detect
[2026/08/31 22:50:57.724, java.exe (PID: 10584, TID: 32984), JavaEnvironment.cpp:519 (JavaEnvironment::detect)]
	TRACE: Installed Java detected: version=; arch=64; productCode={AA2685C5-73D8-54BD-A9B7-2701251A8921}; type=1
[2026/08/31 22:50:57.724, java.exe (PID: 10584, TID: 32984), JavaEnvironment.cpp:135 (`anonymous-namespace'::detectHomeDir)]
	TRACE: Find home dir of {AA2685C5-73D8-54BD-A9B7-2701251A8921} Java installation
[2026/08/31 22:50:57.724, java.exe (PID: 10584, TID: 32984), JavaEnvironment.cpp:302 (`anonymous-namespace'::detectFullVersion)]
	TRACE: Detect full version of {AA2685C5-73D8-54BD-A9B7-2701251A8921} Java installation
[2026/08/31 22:50:57.724, java.exe (PID: 10584, TID: 32984), JavaEnvironment.cpp:213 (`anonymous-namespace'::detectFullVersionFromMsi)]
	TRACE: detectFullVersionFromMsi({AA2685C5-73D8-54BD-A9B7-2701251A8921})
[2026/08/31 22:50:57.729, java.exe (PID: 10584, TID: 32984), JavaEnvironment.cpp:481 (`anonymous-namespace'::getInstalledJava)]
	TRACE: InstalledJava(22.0.2+9|22.0.2+9|JDK|64bit|C:\Program Files\Java\jdk-22|{AA2685C5-73D8-54BD-A9B7-2701251A8921}|-10|)
[2026/08/31 22:50:57.730, java.exe (PID: 10584, TID: 32984), JavaEnvironment.cpp:519 (JavaEnvironment::detect)]
	TRACE: Installed Java detected: version=; arch=64; productCode={7AC0DED7-7B0B-5E37-B366-CEF8BE7F4CDE}; type=1
[2026/08/31 22:50:57.730, java.exe (PID: 10584, TID: 32984), JavaEnvironment.cpp:135 (`anonymous-namespace'::detectHomeDir)]
	TRACE: Find home dir of {7AC0DED7-7B0B-5E37-B366-CEF8BE7F4CDE} Java installation
[2026/08/31 22:50:57.731, java.exe (PID: 10584, TID: 32984), JavaEnvironment.cpp:302 (`anonymous-namespace'::detectFullVersion)]
	TRACE: Detect full version of {7AC0DED7-7B0B-5E37-B366-CEF8BE7F4CDE} Java installation
[2026/08/31 22:50:57.731, java.exe (PID: 10584, TID: 32984), JavaEnvironment.cpp:213 (`anonymous-namespace'::detectFullVersionFromMsi)]
	TRACE: detectFullVersionFromMsi({7AC0DED7-7B0B-5E37-B366-CEF8BE7F4CDE})
[2026/08/31 22:50:57.734, java.exe (PID: 10584, TID: 32984), JavaEnvironment.cpp:481 (`anonymous-namespace'::getInstalledJava)]
	TRACE: InstalledJava(25.0.2+10|25.0.2+10|JDK|64bit|C:\Program Files\Java\jdk-25.0.2|{7AC0DED7-7B0B-5E37-B366-CEF8BE7F4CDE}|-10|)
[2026/08/31 22:50:57.737, java.exe (PID: 10584, TID: 32984), JavaEnvironment.cpp:0 (JavaEnvironment::detect)]
	TRACE: Exiting JavaEnvironment::detect (entered at JavaEnvironment.cpp:502)
[2026/08/31 22:50:57.746, java.exe (PID: 10584, TID: 32984), Executor.cpp:706 (Executor2::startProcess)]
	TRACE: CreateProcess(C:\Program Files\Java\jdk-25.0.2\bin\java.exe, "C:\Program Files\Java\jdk-25.0.2\bin\java.exe" --enable-native-access=ALL-UNNAMED -version) succeeded; PID=62556
[2026/08/31 22:50:57.814, java.exe (PID: 10584, TID: 32984), Executor.cpp:667 (Executor2::execAndWait)]
	TRACE: Process with PID=62556 terminated. Exit code=0
[2026/08/31 22:50:57.838, java.exe (PID: 46036, TID: 60548), JavaEnvironment.cpp:502 (JavaEnvironment::detect)]
	TRACE: Entering JavaEnvironment::detect
[2026/08/31 22:50:57.849, java.exe (PID: 46036, TID: 60548), JavaEnvironment.cpp:519 (JavaEnvironment::detect)]
	TRACE: Installed Java detected: version=; arch=64; productCode={AA2685C5-73D8-54BD-A9B7-2701251A8921}; type=1
[2026/08/31 22:50:57.850, java.exe (PID: 46036, TID: 60548), JavaEnvironment.cpp:135 (`anonymous-namespace'::detectHomeDir)]
	TRACE: Find home dir of {AA2685C5-73D8-54BD-A9B7-2701251A8921} Java installation
[2026/08/31 22:50:57.850, java.exe (PID: 46036, TID: 60548), JavaEnvironment.cpp:302 (`anonymous-namespace'::detectFullVersion)]
	TRACE: Detect full version of {AA2685C5-73D8-54BD-A9B7-2701251A8921} Java installation
[2026/08/31 22:50:57.850, java.exe (PID: 46036, TID: 60548), JavaEnvironment.cpp:213 (`anonymous-namespace'::detectFullVersionFromMsi)]
	TRACE: detectFullVersionFromMsi({AA2685C5-73D8-54BD-A9B7-2701251A8921})
[2026/08/31 22:50:57.854, java.exe (PID: 46036, TID: 60548), JavaEnvironment.cpp:481 (`anonymous-namespace'::getInstalledJava)]
	TRACE: InstalledJava(22.0.2+9|22.0.2+9|JDK|64bit|C:\Program Files\Java\jdk-22|{AA2685C5-73D8-54BD-A9B7-2701251A8921}|-10|)
[2026/08/31 22:50:57.855, java.exe (PID: 46036, TID: 60548), JavaEnvironment.cpp:519 (JavaEnvironment::detect)]
	TRACE: Installed Java detected: version=; arch=64; productCode={7AC0DED7-7B0B-5E37-B366-CEF8BE7F4CDE}; type=1
[2026/08/31 22:50:57.856, java.exe (PID: 46036, TID: 60548), JavaEnvironment.cpp:135 (`anonymous-namespace'::detectHomeDir)]
	TRACE: Find home dir of {7AC0DED7-7B0B-5E37-B366-CEF8BE7F4CDE} Java installation
[2026/08/31 22:50:57.856, java.exe (PID: 46036, TID: 60548), JavaEnvironment.cpp:302 (`anonymous-namespace'::detectFullVersion)]
	TRACE: Detect full version of {7AC0DED7-7B0B-5E37-B366-CEF8BE7F4CDE} Java installation
[2026/08/31 22:50:57.857, java.exe (PID: 46036, TID: 60548), JavaEnvironment.cpp:213 (`anonymous-namespace'::detectFullVersionFromMsi)]
	TRACE: detectFullVersionFromMsi({7AC0DED7-7B0B-5E37-B366-CEF8BE7F4CDE})
[2026/08/31 22:50:57.859, java.exe (PID: 46036, TID: 60548), JavaEnvironment.cpp:481 (`anonymous-namespace'::getInstalledJava)]
	TRACE: InstalledJava(25.0.2+10|25.0.2+10|JDK|64bit|C:\Program Files\Java\jdk-25.0.2|{7AC0DED7-7B0B-5E37-B366-CEF8BE7F4CDE}|-10|)
[2026/08/31 22:50:57.862, java.exe (PID: 46036, TID: 60548), JavaEnvironment.cpp:0 (JavaEnvironment::detect)]
	TRACE: Exiting JavaEnvironment::detect (entered at JavaEnvironment.cpp:502)
[2026/08/31 22:50:57.870, java.exe (PID: 46036, TID: 60548), Executor.cpp:706 (Executor2::startProcess)]
	TRACE: CreateProcess(C:\Program Files\Java\jdk-25.0.2\bin\java.exe, "C:\Program Files\Java\jdk-25.0.2\bin\java.exe" --enable-native-access=ALL-UNNAMED -Duser.home=C:\Users\ASUS -classpath "C:\Program Files\apache-maven-3.9.16-bin\apache-maven-3.9.16\boot\plexus-classworlds-2.11.0.jar" "-Dclassworlds.conf=C:\Program Files\apache-maven-3.9.16-bin\apache-maven-3.9.16\bin\m2.conf" "-Dmaven.home=C:\Program Files\apache-maven-3.9.16-bin\apache-maven-3.9.16" "-Dlibrary.jansi.path=C:\Program Files\apache-maven-3.9.16-bin\apache-maven-3.9.16\lib\jansi-native" -Dmaven.multiModuleProjectDirectory=C:\Users\ASUS\OneDrive\Desktop\tripnest\Travel-Planning-Trip-Management-Platform-Team2-intern_saisushma\tripnest-backend org.codehaus.plexus.classworlds.launcher.Launcher spring-boot:run) succeeded; PID=37528
[2026/08/31 22:59:11.254, java.exe (PID: 64536, TID: 71028), JavaEnvironment.cpp:502 (JavaEnvironment::detect)]
	TRACE: Entering JavaEnvironment::detect
[2026/08/31 22:59:11.267, java.exe (PID: 64536, TID: 71028), JavaEnvironment.cpp:519 (JavaEnvironment::detect)]
	TRACE: Installed Java detected: version=; arch=64; productCode={AA2685C5-73D8-54BD-A9B7-2701251A8921}; type=1
[2026/08/31 22:59:11.267, java.exe (PID: 64536, TID: 71028), JavaEnvironment.cpp:135 (`anonymous-namespace'::detectHomeDir)]
	TRACE: Find home dir of {AA2685C5-73D8-54BD-A9B7-2701251A8921} Java installation
[2026/08/31 22:59:11.269, java.exe (PID: 64536, TID: 71028), JavaEnvironment.cpp:302 (`anonymous-namespace'::detectFullVersion)]
	TRACE: Detect full version of {AA2685C5-73D8-54BD-A9B7-2701251A8921} Java installation
[2026/08/31 22:59:11.269, java.exe (PID: 64536, TID: 71028), JavaEnvironment.cpp:213 (`anonymous-namespace'::detectFullVersionFromMsi)]
	TRACE: detectFullVersionFromMsi({AA2685C5-73D8-54BD-A9B7-2701251A8921})
[2026/08/31 22:59:11.273, java.exe (PID: 64536, TID: 71028), JavaEnvironment.cpp:481 (`anonymous-namespace'::getInstalledJava)]
	TRACE: InstalledJava(22.0.2+9|22.0.2+9|JDK|64bit|C:\Program Files\Java\jdk-22|{AA2685C5-73D8-54BD-A9B7-2701251A8921}|-10|)
[2026/08/31 22:59:11.274, java.exe (PID: 64536, TID: 71028), JavaEnvironment.cpp:519 (JavaEnvironment::detect)]
	TRACE: Installed Java detected: version=; arch=64; productCode={7AC0DED7-7B0B-5E37-B366-CEF8BE7F4CDE}; type=1
[2026/08/31 22:59:11.275, java.exe (PID: 64536, TID: 71028), JavaEnvironment.cpp:135 (`anonymous-namespace'::detectHomeDir)]
	TRACE: Find home dir of {7AC0DED7-7B0B-5E37-B366-CEF8BE7F4CDE} Java installation
[2026/08/31 22:59:11.275, java.exe (PID: 64536, TID: 71028), JavaEnvironment.cpp:302 (`anonymous-namespace'::detectFullVersion)]
	TRACE: Detect full version of {7AC0DED7-7B0B-5E37-B366-CEF8BE7F4CDE} Java installation
[2026/08/31 22:59:11.275, java.exe (PID: 64536, TID: 71028), JavaEnvironment.cpp:213 (`anonymous-namespace'::detectFullVersionFromMsi)]
	TRACE: detectFullVersionFromMsi({7AC0DED7-7B0B-5E37-B366-CEF8BE7F4CDE})
[2026/08/31 22:59:11.278, java.exe (PID: 64536, TID: 71028), JavaEnvironment.cpp:481 (`anonymous-namespace'::getInstalledJava)]
	TRACE: InstalledJava(25.0.2+10|25.0.2+10|JDK|64bit|C:\Program Files\Java\jdk-25.0.2|{7AC0DED7-7B0B-5E37-B366-CEF8BE7F4CDE}|-10|)
[2026/08/31 22:59:11.281, java.exe (PID: 64536, TID: 71028), JavaEnvironment.cpp:0 (JavaEnvironment::detect)]
	TRACE: Exiting JavaEnvironment::detect (entered at JavaEnvironment.cpp:502)
[2026/08/31 22:59:11.289, java.exe (PID: 64536, TID: 71028), Executor.cpp:706 (Executor2::startProcess)]
	TRACE: CreateProcess(C:\Program Files\Java\jdk-25.0.2\bin\java.exe, "C:\Program Files\Java\jdk-25.0.2\bin\java.exe" --enable-native-access=ALL-UNNAMED -version) succeeded; PID=7048
[2026/08/31 22:59:11.351, java.exe (PID: 64536, TID: 71028), Executor.cpp:667 (Executor2::execAndWait)]
	TRACE: Process with PID=7048 terminated. Exit code=0
[2026/08/31 22:59:11.376, java.exe (PID: 10524, TID: 51856), JavaEnvironment.cpp:502 (JavaEnvironment::detect)]
	TRACE: Entering JavaEnvironment::detect
[2026/08/31 22:59:11.382, java.exe (PID: 10524, TID: 51856), JavaEnvironment.cpp:519 (JavaEnvironment::detect)]
	TRACE: Installed Java detected: version=; arch=64; productCode={AA2685C5-73D8-54BD-A9B7-2701251A8921}; type=1
[2026/08/31 22:59:11.382, java.exe (PID: 10524, TID: 51856), JavaEnvironment.cpp:135 (`anonymous-namespace'::detectHomeDir)]
	TRACE: Find home dir of {AA2685C5-73D8-54BD-A9B7-2701251A8921} Java installation
[2026/08/31 22:59:11.382, java.exe (PID: 10524, TID: 51856), JavaEnvironment.cpp:302 (`anonymous-namespace'::detectFullVersion)]
	TRACE: Detect full version of {AA2685C5-73D8-54BD-A9B7-2701251A8921} Java installation
[2026/08/31 22:59:11.382, java.exe (PID: 10524, TID: 51856), JavaEnvironment.cpp:213 (`anonymous-namespace'::detectFullVersionFromMsi)]
	TRACE: detectFullVersionFromMsi({AA2685C5-73D8-54BD-A9B7-2701251A8921})
[2026/08/31 22:59:11.392, java.exe (PID: 10524, TID: 51856), JavaEnvironment.cpp:481 (`anonymous-namespace'::getInstalledJava)]
	TRACE: InstalledJava(22.0.2+9|22.0.2+9|JDK|64bit|C:\Program Files\Java\jdk-22|{AA2685C5-73D8-54BD-A9B7-2701251A8921}|-10|)
[2026/08/31 22:59:11.392, java.exe (PID: 10524, TID: 51856), JavaEnvironment.cpp:519 (JavaEnvironment::detect)]
	TRACE: Installed Java detected: version=; arch=64; productCode={7AC0DED7-7B0B-5E37-B366-CEF8BE7F4CDE}; type=1
[2026/08/31 22:59:11.392, java.exe (PID: 10524, TID: 51856), JavaEnvironment.cpp:135 (`anonymous-namespace'::detectHomeDir)]
	TRACE: Find home dir of {7AC0DED7-7B0B-5E37-B366-CEF8BE7F4CDE} Java installation
[2026/08/31 22:59:11.392, java.exe (PID: 10524, TID: 51856), JavaEnvironment.cpp:302 (`anonymous-namespace'::detectFullVersion)]
	TRACE: Detect full version of {7AC0DED7-7B0B-5E37-B366-CEF8BE7F4CDE} Java installation
[2026/08/31 22:59:11.392, java.exe (PID: 10524, TID: 51856), JavaEnvironment.cpp:213 (`anonymous-namespace'::detectFullVersionFromMsi)]
	TRACE: detectFullVersionFromMsi({7AC0DED7-7B0B-5E37-B366-CEF8BE7F4CDE})
[2026/08/31 22:59:11.394, java.exe (PID: 10524, TID: 51856), JavaEnvironment.cpp:481 (`anonymous-namespace'::getInstalledJava)]
	TRACE: InstalledJava(25.0.2+10|25.0.2+10|JDK|64bit|C:\Program Files\Java\jdk-25.0.2|{7AC0DED7-7B0B-5E37-B366-CEF8BE7F4CDE}|-10|)
[2026/08/31 22:59:11.397, java.exe (PID: 10524, TID: 51856), JavaEnvironment.cpp:0 (JavaEnvironment::detect)]
	TRACE: Exiting JavaEnvironment::detect (entered at JavaEnvironment.cpp:502)
[2026/08/31 22:59:11.405, java.exe (PID: 10524, TID: 51856), Executor.cpp:706 (Executor2::startProcess)]
	TRACE: CreateProcess(C:\Program Files\Java\jdk-25.0.2\bin\java.exe, "C:\Program Files\Java\jdk-25.0.2\bin\java.exe" --enable-native-access=ALL-UNNAMED -Duser.home=C:\Users\ASUS -classpath "C:\Program Files\apache-maven-3.9.16-bin\apache-maven-3.9.16\boot\plexus-classworlds-2.11.0.jar" "-Dclassworlds.conf=C:\Program Files\apache-maven-3.9.16-bin\apache-maven-3.9.16\bin\m2.conf" "-Dmaven.home=C:\Program Files\apache-maven-3.9.16-bin\apache-maven-3.9.16" "-Dlibrary.jansi.path=C:\Program Files\apache-maven-3.9.16-bin\apache-maven-3.9.16\lib\jansi-native" -Dmaven.multiModuleProjectDirectory=C:\Users\ASUS\OneDrive\Desktop\tripnest\Travel-Planning-Trip-Management-Platform-Team2-intern_saisushma\tripnest-backend org.codehaus.plexus.classworlds.launcher.Launcher spring-boot:run) succeeded; PID=39488
[2026/08/31 22:59:39.543, java.exe (PID: 10524, TID: 51856), Executor.cpp:667 (Executor2::execAndWait)]
	TRACE: Process with PID=39488 terminated. Exit code=0
[2026/08/31 22:59:49.211, java.exe (PID: 276, TID: 68492), JavaEnvironment.cpp:502 (JavaEnvironment::detect)]
	TRACE: Entering JavaEnvironment::detect
[2026/08/31 22:59:49.222, java.exe (PID: 276, TID: 68492), JavaEnvironment.cpp:519 (JavaEnvironment::detect)]
	TRACE: Installed Java detected: version=; arch=64; productCode={AA2685C5-73D8-54BD-A9B7-2701251A8921}; type=1
[2026/08/31 22:59:49.222, java.exe (PID: 276, TID: 68492), JavaEnvironment.cpp:135 (`anonymous-namespace'::detectHomeDir)]
	TRACE: Find home dir of {AA2685C5-73D8-54BD-A9B7-2701251A8921} Java installation
[2026/08/31 22:59:49.223, java.exe (PID: 276, TID: 68492), JavaEnvironment.cpp:302 (`anonymous-namespace'::detectFullVersion)]
	TRACE: Detect full version of {AA2685C5-73D8-54BD-A9B7-2701251A8921} Java installation
[2026/08/31 22:59:49.223, java.exe (PID: 276, TID: 68492), JavaEnvironment.cpp:213 (`anonymous-namespace'::detectFullVersionFromMsi)]
	TRACE: detectFullVersionFromMsi({AA2685C5-73D8-54BD-A9B7-2701251A8921})
[2026/08/31 22:59:49.227, java.exe (PID: 276, TID: 68492), JavaEnvironment.cpp:481 (`anonymous-namespace'::getInstalledJava)]
	TRACE: InstalledJava(22.0.2+9|22.0.2+9|JDK|64bit|C:\Program Files\Java\jdk-22|{AA2685C5-73D8-54BD-A9B7-2701251A8921}|-10|)
[2026/08/31 22:59:49.228, java.exe (PID: 276, TID: 68492), JavaEnvironment.cpp:519 (JavaEnvironment::detect)]
	TRACE: Installed Java detected: version=; arch=64; productCode={7AC0DED7-7B0B-5E37-B366-CEF8BE7F4CDE}; type=1
[2026/08/31 22:59:49.228, java.exe (PID: 276, TID: 68492), JavaEnvironment.cpp:135 (`anonymous-namespace'::detectHomeDir)]
	TRACE: Find home dir of {7AC0DED7-7B0B-5E37-B366-CEF8BE7F4CDE} Java installation
[2026/08/31 22:59:49.229, java.exe (PID: 276, TID: 68492), JavaEnvironment.cpp:302 (`anonymous-namespace'::detectFullVersion)]
	TRACE: Detect full version of {7AC0DED7-7B0B-5E37-B366-CEF8BE7F4CDE} Java installation
[2026/08/31 22:59:49.229, java.exe (PID: 276, TID: 68492), JavaEnvironment.cpp:213 (`anonymous-namespace'::detectFullVersionFromMsi)]
	TRACE: detectFullVersionFromMsi({7AC0DED7-7B0B-5E37-B366-CEF8BE7F4CDE})
[2026/08/31 22:59:49.230, java.exe (PID: 276, TID: 68492), JavaEnvironment.cpp:481 (`anonymous-namespace'::getInstalledJava)]
	TRACE: InstalledJava(25.0.2+10|25.0.2+10|JDK|64bit|C:\Program Files\Java\jdk-25.0.2|{7AC0DED7-7B0B-5E37-B366-CEF8BE7F4CDE}|-10|)
[2026/08/31 22:59:49.234, java.exe (PID: 276, TID: 68492), JavaEnvironment.cpp:0 (JavaEnvironment::detect)]
	TRACE: Exiting JavaEnvironment::detect (entered at JavaEnvironment.cpp:502)
[2026/08/31 22:59:49.243, java.exe (PID: 276, TID: 68492), Executor.cpp:706 (Executor2::startProcess)]
	TRACE: CreateProcess(C:\Program Files\Java\jdk-25.0.2\bin\java.exe, "C:\Program Files\Java\jdk-25.0.2\bin\java.exe" --enable-native-access=ALL-UNNAMED -version) succeeded; PID=28760
[2026/08/31 22:59:49.288, java.exe (PID: 276, TID: 68492), Executor.cpp:667 (Executor2::execAndWait)]
	TRACE: Process with PID=28760 terminated. Exit code=0
[2026/08/31 22:59:49.308, java.exe (PID: 51248, TID: 43944), JavaEnvironment.cpp:502 (JavaEnvironment::detect)]
	TRACE: Entering JavaEnvironment::detect
[2026/08/31 22:59:49.318, java.exe (PID: 51248, TID: 43944), JavaEnvironment.cpp:519 (JavaEnvironment::detect)]
	TRACE: Installed Java detected: version=; arch=64; productCode={AA2685C5-73D8-54BD-A9B7-2701251A8921}; type=1
[2026/08/31 22:59:49.318, java.exe (PID: 51248, TID: 43944), JavaEnvironment.cpp:135 (`anonymous-namespace'::detectHomeDir)]
	TRACE: Find home dir of {AA2685C5-73D8-54BD-A9B7-2701251A8921} Java installation
[2026/08/31 22:59:49.319, java.exe (PID: 51248, TID: 43944), JavaEnvironment.cpp:302 (`anonymous-namespace'::detectFullVersion)]
	TRACE: Detect full version of {AA2685C5-73D8-54BD-A9B7-2701251A8921} Java installation
[2026/08/31 22:59:49.319, java.exe (PID: 51248, TID: 43944), JavaEnvironment.cpp:213 (`anonymous-namespace'::detectFullVersionFromMsi)]
	TRACE: detectFullVersionFromMsi({AA2685C5-73D8-54BD-A9B7-2701251A8921})
[2026/08/31 22:59:49.324, java.exe (PID: 51248, TID: 43944), JavaEnvironment.cpp:481 (`anonymous-namespace'::getInstalledJava)]
	TRACE: InstalledJava(22.0.2+9|22.0.2+9|JDK|64bit|C:\Program Files\Java\jdk-22|{AA2685C5-73D8-54BD-A9B7-2701251A8921}|-10|)
[2026/08/31 22:59:49.324, java.exe (PID: 51248, TID: 43944), JavaEnvironment.cpp:519 (JavaEnvironment::detect)]
	TRACE: Installed Java detected: version=; arch=64; productCode={7AC0DED7-7B0B-5E37-B366-CEF8BE7F4CDE}; type=1
[2026/08/31 22:59:49.325, java.exe (PID: 51248, TID: 43944), JavaEnvironment.cpp:135 (`anonymous-namespace'::detectHomeDir)]
	TRACE: Find home dir of {7AC0DED7-7B0B-5E37-B366-CEF8BE7F4CDE} Java installation
[2026/08/31 22:59:49.325, java.exe (PID: 51248, TID: 43944), JavaEnvironment.cpp:302 (`anonymous-namespace'::detectFullVersion)]
	TRACE: Detect full version of {7AC0DED7-7B0B-5E37-B366-CEF8BE7F4CDE} Java installation
[2026/08/31 22:59:49.325, java.exe (PID: 51248, TID: 43944), JavaEnvironment.cpp:213 (`anonymous-namespace'::detectFullVersionFromMsi)]
	TRACE: detectFullVersionFromMsi({7AC0DED7-7B0B-5E37-B366-CEF8BE7F4CDE})
[2026/08/31 22:59:49.326, java.exe (PID: 51248, TID: 43944), JavaEnvironment.cpp:481 (`anonymous-namespace'::getInstalledJava)]
	TRACE: InstalledJava(25.0.2+10|25.0.2+10|JDK|64bit|C:\Program Files\Java\jdk-25.0.2|{7AC0DED7-7B0B-5E37-B366-CEF8BE7F4CDE}|-10|)
[2026/08/31 22:59:49.329, java.exe (PID: 51248, TID: 43944), JavaEnvironment.cpp:0 (JavaEnvironment::detect)]
	TRACE: Exiting JavaEnvironment::detect (entered at JavaEnvironment.cpp:502)
[2026/08/31 22:59:49.337, java.exe (PID: 51248, TID: 43944), Executor.cpp:706 (Executor2::startProcess)]
	TRACE: CreateProcess(C:\Program Files\Java\jdk-25.0.2\bin\java.exe, "C:\Program Files\Java\jdk-25.0.2\bin\java.exe" --enable-native-access=ALL-UNNAMED -Duser.home=C:\Users\ASUS -classpath "C:\Program Files\apache-maven-3.9.16-bin\apache-maven-3.9.16\boot\plexus-classworlds-2.11.0.jar" "-Dclassworlds.conf=C:\Program Files\apache-maven-3.9.16-bin\apache-maven-3.9.16\bin\m2.conf" "-Dmaven.home=C:\Program Files\apache-maven-3.9.16-bin\apache-maven-3.9.16" "-Dlibrary.jansi.path=C:\Program Files\apache-maven-3.9.16-bin\apache-maven-3.9.16\lib\jansi-native" -Dmaven.multiModuleProjectDirectory=C:\Users\ASUS\OneDrive\Desktop\tripnest\Travel-Planning-Trip-Management-Platform-Team2-intern_saisushma\tripnest-backend org.codehaus.plexus.classworlds.launcher.Launcher clean spring-boot:run) succeeded; PID=73296
[2026/08/31 22:59:51.936, java.exe (PID: 51248, TID: 43944), Executor.cpp:667 (Executor2::execAndWait)]
	TRACE: Process with PID=73296 terminated. Exit code=1
[2026/08/31 23:00:18.352, java.exe (PID: 46764, TID: 71572), JavaEnvironment.cpp:502 (JavaEnvironment::detect)]
	TRACE: Entering JavaEnvironment::detect
[2026/08/31 23:00:18.361, java.exe (PID: 46764, TID: 71572), JavaEnvironment.cpp:519 (JavaEnvironment::detect)]
	TRACE: Installed Java detected: version=; arch=64; productCode={AA2685C5-73D8-54BD-A9B7-2701251A8921}; type=1
[2026/08/31 23:00:18.361, java.exe (PID: 46764, TID: 71572), JavaEnvironment.cpp:135 (`anonymous-namespace'::detectHomeDir)]
	TRACE: Find home dir of {AA2685C5-73D8-54BD-A9B7-2701251A8921} Java installation
[2026/08/31 23:00:18.361, java.exe (PID: 46764, TID: 71572), JavaEnvironment.cpp:302 (`anonymous-namespace'::detectFullVersion)]
	TRACE: Detect full version of {AA2685C5-73D8-54BD-A9B7-2701251A8921} Java installation
[2026/08/31 23:00:18.361, java.exe (PID: 46764, TID: 71572), JavaEnvironment.cpp:213 (`anonymous-namespace'::detectFullVersionFromMsi)]
	TRACE: detectFullVersionFromMsi({AA2685C5-73D8-54BD-A9B7-2701251A8921})
[2026/08/31 23:00:18.367, java.exe (PID: 46764, TID: 71572), JavaEnvironment.cpp:481 (`anonymous-namespace'::getInstalledJava)]
	TRACE: InstalledJava(22.0.2+9|22.0.2+9|JDK|64bit|C:\Program Files\Java\jdk-22|{AA2685C5-73D8-54BD-A9B7-2701251A8921}|-10|)
[2026/08/31 23:00:18.368, java.exe (PID: 46764, TID: 71572), JavaEnvironment.cpp:519 (JavaEnvironment::detect)]
	TRACE: Installed Java detected: version=; arch=64; productCode={7AC0DED7-7B0B-5E37-B366-CEF8BE7F4CDE}; type=1
[2026/08/31 23:00:18.368, java.exe (PID: 46764, TID: 71572), JavaEnvironment.cpp:135 (`anonymous-namespace'::detectHomeDir)]
	TRACE: Find home dir of {7AC0DED7-7B0B-5E37-B366-CEF8BE7F4CDE} Java installation
[2026/08/31 23:00:18.368, java.exe (PID: 46764, TID: 71572), JavaEnvironment.cpp:302 (`anonymous-namespace'::detectFullVersion)]
	TRACE: Detect full version of {7AC0DED7-7B0B-5E37-B366-CEF8BE7F4CDE} Java installation
[2026/08/31 23:00:18.368, java.exe (PID: 46764, TID: 71572), JavaEnvironment.cpp:213 (`anonymous-namespace'::detectFullVersionFromMsi)]
	TRACE: detectFullVersionFromMsi({7AC0DED7-7B0B-5E37-B366-CEF8BE7F4CDE})
[2026/08/31 23:00:18.369, java.exe (PID: 46764, TID: 71572), JavaEnvironment.cpp:481 (`anonymous-namespace'::getInstalledJava)]
	TRACE: InstalledJava(25.0.2+10|25.0.2+10|JDK|64bit|C:\Program Files\Java\jdk-25.0.2|{7AC0DED7-7B0B-5E37-B366-CEF8BE7F4CDE}|-10|)
[2026/08/31 23:00:18.374, java.exe (PID: 46764, TID: 71572), JavaEnvironment.cpp:0 (JavaEnvironment::detect)]
	TRACE: Exiting JavaEnvironment::detect (entered at JavaEnvironment.cpp:502)
[2026/08/31 23:00:18.381, java.exe (PID: 46764, TID: 71572), Executor.cpp:706 (Executor2::startProcess)]
	TRACE: CreateProcess(C:\Program Files\Java\jdk-25.0.2\bin\java.exe, "C:\Program Files\Java\jdk-25.0.2\bin\java.exe" --enable-native-access=ALL-UNNAMED -version) succeeded; PID=47176
[2026/08/31 23:00:18.437, java.exe (PID: 46764, TID: 71572), Executor.cpp:667 (Executor2::execAndWait)]
	TRACE: Process with PID=47176 terminated. Exit code=0
[2026/08/31 23:00:18.459, java.exe (PID: 55228, TID: 53820), JavaEnvironment.cpp:502 (JavaEnvironment::detect)]
	TRACE: Entering JavaEnvironment::detect
[2026/08/31 23:00:18.470, java.exe (PID: 55228, TID: 53820), JavaEnvironment.cpp:519 (JavaEnvironment::detect)]
	TRACE: Installed Java detected: version=; arch=64; productCode={AA2685C5-73D8-54BD-A9B7-2701251A8921}; type=1
[2026/08/31 23:00:18.470, java.exe (PID: 55228, TID: 53820), JavaEnvironment.cpp:135 (`anonymous-namespace'::detectHomeDir)]
	TRACE: Find home dir of {AA2685C5-73D8-54BD-A9B7-2701251A8921} Java installation
[2026/08/31 23:00:18.470, java.exe (PID: 55228, TID: 53820), JavaEnvironment.cpp:302 (`anonymous-namespace'::detectFullVersion)]
	TRACE: Detect full version of {AA2685C5-73D8-54BD-A9B7-2701251A8921} Java installation
[2026/08/31 23:00:18.470, java.exe (PID: 55228, TID: 53820), JavaEnvironment.cpp:213 (`anonymous-namespace'::detectFullVersionFromMsi)]
	TRACE: detectFullVersionFromMsi({AA2685C5-73D8-54BD-A9B7-2701251A8921})
[2026/08/31 23:00:18.475, java.exe (PID: 55228, TID: 53820), JavaEnvironment.cpp:481 (`anonymous-namespace'::getInstalledJava)]
	TRACE: InstalledJava(22.0.2+9|22.0.2+9|JDK|64bit|C:\Program Files\Java\jdk-22|{AA2685C5-73D8-54BD-A9B7-2701251A8921}|-10|)
[2026/08/31 23:00:18.475, java.exe (PID: 55228, TID: 53820), JavaEnvironment.cpp:519 (JavaEnvironment::detect)]
	TRACE: Installed Java detected: version=; arch=64; productCode={7AC0DED7-7B0B-5E37-B366-CEF8BE7F4CDE}; type=1
[2026/08/31 23:00:18.476, java.exe (PID: 55228, TID: 53820), JavaEnvironment.cpp:135 (`anonymous-namespace'::detectHomeDir)]
	TRACE: Find home dir of {7AC0DED7-7B0B-5E37-B366-CEF8BE7F4CDE} Java installation
[2026/08/31 23:00:18.476, java.exe (PID: 55228, TID: 53820), JavaEnvironment.cpp:302 (`anonymous-namespace'::detectFullVersion)]
	TRACE: Detect full version of {7AC0DED7-7B0B-5E37-B366-CEF8BE7F4CDE} Java installation
[2026/08/31 23:00:18.477, java.exe (PID: 55228, TID: 53820), JavaEnvironment.cpp:213 (`anonymous-namespace'::detectFullVersionFromMsi)]
	TRACE: detectFullVersionFromMsi({7AC0DED7-7B0B-5E37-B366-CEF8BE7F4CDE})
[2026/08/31 23:00:18.478, java.exe (PID: 55228, TID: 53820), JavaEnvironment.cpp:481 (`anonymous-namespace'::getInstalledJava)]
	TRACE: InstalledJava(25.0.2+10|25.0.2+10|JDK|64bit|C:\Program Files\Java\jdk-25.0.2|{7AC0DED7-7B0B-5E37-B366-CEF8BE7F4CDE}|-10|)
[2026/08/31 23:00:18.478, java.exe (PID: 55228, TID: 53820), JavaEnvironment.cpp:0 (JavaEnvironment::detect)]
	TRACE: Exiting JavaEnvironment::detect (entered at JavaEnvironment.cpp:502)
[2026/08/31 23:00:18.485, java.exe (PID: 55228, TID: 53820), Executor.cpp:706 (Executor2::startProcess)]
	TRACE: CreateProcess(C:\Program Files\Java\jdk-25.0.2\bin\java.exe, "C:\Program Files\Java\jdk-25.0.2\bin\java.exe" --enable-native-access=ALL-UNNAMED -Duser.home=C:\Users\ASUS -classpath "C:\Program Files\apache-maven-3.9.16-bin\apache-maven-3.9.16\boot\plexus-classworlds-2.11.0.jar" "-Dclassworlds.conf=C:\Program Files\apache-maven-3.9.16-bin\apache-maven-3.9.16\bin\m2.conf" "-Dmaven.home=C:\Program Files\apache-maven-3.9.16-bin\apache-maven-3.9.16" "-Dlibrary.jansi.path=C:\Program Files\apache-maven-3.9.16-bin\apache-maven-3.9.16\lib\jansi-native" -Dmaven.multiModuleProjectDirectory=C:\Users\ASUS\OneDrive\Desktop\tripnest\Travel-Planning-Trip-Management-Platform-Team2-intern_saisushma\tripnest-backend org.codehaus.plexus.classworlds.launcher.Launcher clean spring-boot:run) succeeded; PID=43956
[2026/08/31 23:00:21.148, java.exe (PID: 55228, TID: 53820), Executor.cpp:667 (Executor2::execAndWait)]
	TRACE: Process with PID=43956 terminated. Exit code=1
[2026/08/31 23:00:34.790, java.exe (PID: 15076, TID: 50624), JavaEnvironment.cpp:502 (JavaEnvironment::detect)]
	TRACE: Entering JavaEnvironment::detect
[2026/08/31 23:00:34.804, java.exe (PID: 15076, TID: 50624), JavaEnvironment.cpp:519 (JavaEnvironment::detect)]
	TRACE: Installed Java detected: version=; arch=64; productCode={AA2685C5-73D8-54BD-A9B7-2701251A8921}; type=1
[2026/08/31 23:00:34.805, java.exe (PID: 15076, TID: 50624), JavaEnvironment.cpp:135 (`anonymous-namespace'::detectHomeDir)]
	TRACE: Find home dir of {AA2685C5-73D8-54BD-A9B7-2701251A8921} Java installation
[2026/08/31 23:00:34.806, java.exe (PID: 15076, TID: 50624), JavaEnvironment.cpp:302 (`anonymous-namespace'::detectFullVersion)]
	TRACE: Detect full version of {AA2685C5-73D8-54BD-A9B7-2701251A8921} Java installation
[2026/08/31 23:00:34.806, java.exe (PID: 15076, TID: 50624), JavaEnvironment.cpp:213 (`anonymous-namespace'::detectFullVersionFromMsi)]
	TRACE: detectFullVersionFromMsi({AA2685C5-73D8-54BD-A9B7-2701251A8921})
[2026/08/31 23:00:34.812, java.exe (PID: 15076, TID: 50624), JavaEnvironment.cpp:481 (`anonymous-namespace'::getInstalledJava)]
	TRACE: InstalledJava(22.0.2+9|22.0.2+9|JDK|64bit|C:\Program Files\Java\jdk-22|{AA2685C5-73D8-54BD-A9B7-2701251A8921}|-10|)
[2026/08/31 23:00:34.813, java.exe (PID: 15076, TID: 50624), JavaEnvironment.cpp:519 (JavaEnvironment::detect)]
	TRACE: Installed Java detected: version=; arch=64; productCode={7AC0DED7-7B0B-5E37-B366-CEF8BE7F4CDE}; type=1
[2026/08/31 23:00:34.813, java.exe (PID: 15076, TID: 50624), JavaEnvironment.cpp:135 (`anonymous-namespace'::detectHomeDir)]
	TRACE: Find home dir of {7AC0DED7-7B0B-5E37-B366-CEF8BE7F4CDE} Java installation
[2026/08/31 23:00:34.814, java.exe (PID: 15076, TID: 50624), JavaEnvironment.cpp:302 (`anonymous-namespace'::detectFullVersion)]
	TRACE: Detect full version of {7AC0DED7-7B0B-5E37-B366-CEF8BE7F4CDE} Java installation
[2026/08/31 23:00:34.814, java.exe (PID: 15076, TID: 50624), JavaEnvironment.cpp:213 (`anonymous-namespace'::detectFullVersionFromMsi)]
	TRACE: detectFullVersionFromMsi({7AC0DED7-7B0B-5E37-B366-CEF8BE7F4CDE})
[2026/08/31 23:00:34.816, java.exe (PID: 15076, TID: 50624), JavaEnvironment.cpp:481 (`anonymous-namespace'::getInstalledJava)]
	TRACE: InstalledJava(25.0.2+10|25.0.2+10|JDK|64bit|C:\Program Files\Java\jdk-25.0.2|{7AC0DED7-7B0B-5E37-B366-CEF8BE7F4CDE}|-10|)
[2026/08/31 23:00:34.821, java.exe (PID: 15076, TID: 50624), JavaEnvironment.cpp:0 (JavaEnvironment::detect)]
	TRACE: Exiting JavaEnvironment::detect (entered at JavaEnvironment.cpp:502)
[2026/08/31 23:00:34.832, java.exe (PID: 15076, TID: 50624), Executor.cpp:706 (Executor2::startProcess)]
	TRACE: CreateProcess(C:\Program Files\Java\jdk-25.0.2\bin\java.exe, "C:\Program Files\Java\jdk-25.0.2\bin\java.exe" --enable-native-access=ALL-UNNAMED -version) succeeded; PID=70596
[2026/08/31 23:00:34.903, java.exe (PID: 15076, TID: 50624), Executor.cpp:667 (Executor2::execAndWait)]
	TRACE: Process with PID=70596 terminated. Exit code=0
[2026/08/31 23:00:34.928, java.exe (PID: 36104, TID: 72384), JavaEnvironment.cpp:502 (JavaEnvironment::detect)]
	TRACE: Entering JavaEnvironment::detect
[2026/08/31 23:00:34.943, java.exe (PID: 36104, TID: 72384), JavaEnvironment.cpp:519 (JavaEnvironment::detect)]
	TRACE: Installed Java detected: version=; arch=64; productCode={AA2685C5-73D8-54BD-A9B7-2701251A8921}; type=1
[2026/08/31 23:00:34.944, java.exe (PID: 36104, TID: 72384), JavaEnvironment.cpp:135 (`anonymous-namespace'::detectHomeDir)]
	TRACE: Find home dir of {AA2685C5-73D8-54BD-A9B7-2701251A8921} Java installation
[2026/08/31 23:00:34.944, java.exe (PID: 36104, TID: 72384), JavaEnvironment.cpp:302 (`anonymous-namespace'::detectFullVersion)]
	TRACE: Detect full version of {AA2685C5-73D8-54BD-A9B7-2701251A8921} Java installation
[2026/08/31 23:00:34.945, java.exe (PID: 36104, TID: 72384), JavaEnvironment.cpp:213 (`anonymous-namespace'::detectFullVersionFromMsi)]
	TRACE: detectFullVersionFromMsi({AA2685C5-73D8-54BD-A9B7-2701251A8921})
[2026/08/31 23:00:34.949, java.exe (PID: 36104, TID: 72384), JavaEnvironment.cpp:481 (`anonymous-namespace'::getInstalledJava)]
	TRACE: InstalledJava(22.0.2+9|22.0.2+9|JDK|64bit|C:\Program Files\Java\jdk-22|{AA2685C5-73D8-54BD-A9B7-2701251A8921}|-10|)
[2026/08/31 23:00:34.950, java.exe (PID: 36104, TID: 72384), JavaEnvironment.cpp:519 (JavaEnvironment::detect)]
	TRACE: Installed Java detected: version=; arch=64; productCode={7AC0DED7-7B0B-5E37-B366-CEF8BE7F4CDE}; type=1
[2026/08/31 23:00:34.950, java.exe (PID: 36104, TID: 72384), JavaEnvironment.cpp:135 (`anonymous-namespace'::detectHomeDir)]
	TRACE: Find home dir of {7AC0DED7-7B0B-5E37-B366-CEF8BE7F4CDE} Java installation
[2026/08/31 23:00:34.951, java.exe (PID: 36104, TID: 72384), JavaEnvironment.cpp:302 (`anonymous-namespace'::detectFullVersion)]
	TRACE: Detect full version of {7AC0DED7-7B0B-5E37-B366-CEF8BE7F4CDE} Java installation
[2026/08/31 23:00:34.951, java.exe (PID: 36104, TID: 72384), JavaEnvironment.cpp:213 (`anonymous-namespace'::detectFullVersionFromMsi)]
	TRACE: detectFullVersionFromMsi({7AC0DED7-7B0B-5E37-B366-CEF8BE7F4CDE})
[2026/08/31 23:00:34.953, java.exe (PID: 36104, TID: 72384), JavaEnvironment.cpp:481 (`anonymous-namespace'::getInstalledJava)]
	TRACE: InstalledJava(25.0.2+10|25.0.2+10|JDK|64bit|C:\Program Files\Java\jdk-25.0.2|{7AC0DED7-7B0B-5E37-B366-CEF8BE7F4CDE}|-10|)
[2026/08/31 23:00:34.957, java.exe (PID: 36104, TID: 72384), JavaEnvironment.cpp:0 (JavaEnvironment::detect)]
	TRACE: Exiting JavaEnvironment::detect (entered at JavaEnvironment.cpp:502)
[2026/08/31 23:00:34.967, java.exe (PID: 36104, TID: 72384), Executor.cpp:706 (Executor2::startProcess)]
	TRACE: CreateProcess(C:\Program Files\Java\jdk-25.0.2\bin\java.exe, "C:\Program Files\Java\jdk-25.0.2\bin\java.exe" --enable-native-access=ALL-UNNAMED -Duser.home=C:\Users\ASUS -classpath "C:\Program Files\apache-maven-3.9.16-bin\apache-maven-3.9.16\boot\plexus-classworlds-2.11.0.jar" "-Dclassworlds.conf=C:\Program Files\apache-maven-3.9.16-bin\apache-maven-3.9.16\bin\m2.conf" "-Dmaven.home=C:\Program Files\apache-maven-3.9.16-bin\apache-maven-3.9.16" "-Dlibrary.jansi.path=C:\Program Files\apache-maven-3.9.16-bin\apache-maven-3.9.16\lib\jansi-native" -Dmaven.multiModuleProjectDirectory=C:\Users\ASUS\OneDrive\Desktop\tripnest\Travel-Planning-Trip-Management-Platform-Team2-intern_saisushma\tripnest-backend org.codehaus.plexus.classworlds.launcher.Launcher -Dproject.build.directory=run-target spring-boot:run) succeeded; PID=34440
[2026/08/31 23:01:01.720, java.exe (PID: 36104, TID: 72384), Executor.cpp:667 (Executor2::execAndWait)]
	TRACE: Process with PID=34440 terminated. Exit code=0
[2026/08/31 23:02:55.463, java.exe (PID: 73028, TID: 67720), JavaEnvironment.cpp:502 (JavaEnvironment::detect)]
	TRACE: Entering JavaEnvironment::detect
[2026/08/31 23:02:55.475, java.exe (PID: 73028, TID: 67720), JavaEnvironment.cpp:519 (JavaEnvironment::detect)]
	TRACE: Installed Java detected: version=; arch=64; productCode={AA2685C5-73D8-54BD-A9B7-2701251A8921}; type=1
[2026/08/31 23:02:55.476, java.exe (PID: 73028, TID: 67720), JavaEnvironment.cpp:135 (`anonymous-namespace'::detectHomeDir)]
	TRACE: Find home dir of {AA2685C5-73D8-54BD-A9B7-2701251A8921} Java installation
[2026/08/31 23:02:55.477, java.exe (PID: 73028, TID: 67720), JavaEnvironment.cpp:302 (`anonymous-namespace'::detectFullVersion)]
	TRACE: Detect full version of {AA2685C5-73D8-54BD-A9B7-2701251A8921} Java installation
[2026/08/31 23:02:55.477, java.exe (PID: 73028, TID: 67720), JavaEnvironment.cpp:213 (`anonymous-namespace'::detectFullVersionFromMsi)]
	TRACE: detectFullVersionFromMsi({AA2685C5-73D8-54BD-A9B7-2701251A8921})
[2026/08/31 23:02:55.482, java.exe (PID: 73028, TID: 67720), JavaEnvironment.cpp:481 (`anonymous-namespace'::getInstalledJava)]
	TRACE: InstalledJava(22.0.2+9|22.0.2+9|JDK|64bit|C:\Program Files\Java\jdk-22|{AA2685C5-73D8-54BD-A9B7-2701251A8921}|-10|)
[2026/08/31 23:02:55.482, java.exe (PID: 73028, TID: 67720), JavaEnvironment.cpp:519 (JavaEnvironment::detect)]
	TRACE: Installed Java detected: version=; arch=64; productCode={7AC0DED7-7B0B-5E37-B366-CEF8BE7F4CDE}; type=1
[2026/08/31 23:02:55.483, java.exe (PID: 73028, TID: 67720), JavaEnvironment.cpp:135 (`anonymous-namespace'::detectHomeDir)]
	TRACE: Find home dir of {7AC0DED7-7B0B-5E37-B366-CEF8BE7F4CDE} Java installation
[2026/08/31 23:02:55.483, java.exe (PID: 73028, TID: 67720), JavaEnvironment.cpp:302 (`anonymous-namespace'::detectFullVersion)]
	TRACE: Detect full version of {7AC0DED7-7B0B-5E37-B366-CEF8BE7F4CDE} Java installation
[2026/08/31 23:02:55.483, java.exe (PID: 73028, TID: 67720), JavaEnvironment.cpp:213 (`anonymous-namespace'::detectFullVersionFromMsi)]
	TRACE: detectFullVersionFromMsi({7AC0DED7-7B0B-5E37-B366-CEF8BE7F4CDE})
[2026/08/31 23:02:55.486, java.exe (PID: 73028, TID: 67720), JavaEnvironment.cpp:481 (`anonymous-namespace'::getInstalledJava)]
	TRACE: InstalledJava(25.0.2+10|25.0.2+10|JDK|64bit|C:\Program Files\Java\jdk-25.0.2|{7AC0DED7-7B0B-5E37-B366-CEF8BE7F4CDE}|-10|)
[2026/08/31 23:02:55.489, java.exe (PID: 73028, TID: 67720), JavaEnvironment.cpp:0 (JavaEnvironment::detect)]
	TRACE: Exiting JavaEnvironment::detect (entered at JavaEnvironment.cpp:502)
[2026/08/31 23:02:55.496, java.exe (PID: 73028, TID: 67720), Executor.cpp:706 (Executor2::startProcess)]
	TRACE: CreateProcess(C:\Program Files\Java\jdk-25.0.2\bin\java.exe, "C:\Program Files\Java\jdk-25.0.2\bin\java.exe" --enable-native-access=ALL-UNNAMED -version) succeeded; PID=33628
[2026/08/31 23:02:55.553, java.exe (PID: 73028, TID: 67720), Executor.cpp:667 (Executor2::execAndWait)]
	TRACE: Process with PID=33628 terminated. Exit code=0
[2026/08/31 23:02:55.573, java.exe (PID: 29392, TID: 64216), JavaEnvironment.cpp:502 (JavaEnvironment::detect)]
	TRACE: Entering JavaEnvironment::detect
[2026/08/31 23:02:55.584, java.exe (PID: 29392, TID: 64216), JavaEnvironment.cpp:519 (JavaEnvironment::detect)]
	TRACE: Installed Java detected: version=; arch=64; productCode={AA2685C5-73D8-54BD-A9B7-2701251A8921}; type=1
[2026/08/31 23:02:55.584, java.exe (PID: 29392, TID: 64216), JavaEnvironment.cpp:135 (`anonymous-namespace'::detectHomeDir)]
	TRACE: Find home dir of {AA2685C5-73D8-54BD-A9B7-2701251A8921} Java installation
[2026/08/31 23:02:55.585, java.exe (PID: 29392, TID: 64216), JavaEnvironment.cpp:302 (`anonymous-namespace'::detectFullVersion)]
	TRACE: Detect full version of {AA2685C5-73D8-54BD-A9B7-2701251A8921} Java installation
[2026/08/31 23:02:55.585, java.exe (PID: 29392, TID: 64216), JavaEnvironment.cpp:213 (`anonymous-namespace'::detectFullVersionFromMsi)]
	TRACE: detectFullVersionFromMsi({AA2685C5-73D8-54BD-A9B7-2701251A8921})
[2026/08/31 23:02:55.588, java.exe (PID: 29392, TID: 64216), JavaEnvironment.cpp:481 (`anonymous-namespace'::getInstalledJava)]
	TRACE: InstalledJava(22.0.2+9|22.0.2+9|JDK|64bit|C:\Program Files\Java\jdk-22|{AA2685C5-73D8-54BD-A9B7-2701251A8921}|-10|)
[2026/08/31 23:02:55.589, java.exe (PID: 29392, TID: 64216), JavaEnvironment.cpp:519 (JavaEnvironment::detect)]
	TRACE: Installed Java detected: version=; arch=64; productCode={7AC0DED7-7B0B-5E37-B366-CEF8BE7F4CDE}; type=1
[2026/08/31 23:02:55.589, java.exe (PID: 29392, TID: 64216), JavaEnvironment.cpp:135 (`anonymous-namespace'::detectHomeDir)]
	TRACE: Find home dir of {7AC0DED7-7B0B-5E37-B366-CEF8BE7F4CDE} Java installation
[2026/08/31 23:02:55.589, java.exe (PID: 29392, TID: 64216), JavaEnvironment.cpp:302 (`anonymous-namespace'::detectFullVersion)]
	TRACE: Detect full version of {7AC0DED7-7B0B-5E37-B366-CEF8BE7F4CDE} Java installation
[2026/08/31 23:02:55.589, java.exe (PID: 29392, TID: 64216), JavaEnvironment.cpp:213 (`anonymous-namespace'::detectFullVersionFromMsi)]
	TRACE: detectFullVersionFromMsi({7AC0DED7-7B0B-5E37-B366-CEF8BE7F4CDE})
[2026/08/31 23:02:55.592, java.exe (PID: 29392, TID: 64216), JavaEnvironment.cpp:481 (`anonymous-namespace'::getInstalledJava)]
	TRACE: InstalledJava(25.0.2+10|25.0.2+10|JDK|64bit|C:\Program Files\Java\jdk-25.0.2|{7AC0DED7-7B0B-5E37-B366-CEF8BE7F4CDE}|-10|)
[2026/08/31 23:02:55.594, java.exe (PID: 29392, TID: 64216), JavaEnvironment.cpp:0 (JavaEnvironment::detect)]
	TRACE: Exiting JavaEnvironment::detect (entered at JavaEnvironment.cpp:502)
[2026/08/31 23:02:55.603, java.exe (PID: 29392, TID: 64216), Executor.cpp:706 (Executor2::startProcess)]
	TRACE: CreateProcess(C:\Program Files\Java\jdk-25.0.2\bin\java.exe, "C:\Program Files\Java\jdk-25.0.2\bin\java.exe" --enable-native-access=ALL-UNNAMED -Duser.home=C:\Users\ASUS -classpath "C:\Program Files\apache-maven-3.9.16-bin\apache-maven-3.9.16\boot\plexus-classworlds-2.11.0.jar" "-Dclassworlds.conf=C:\Program Files\apache-maven-3.9.16-bin\apache-maven-3.9.16\bin\m2.conf" "-Dmaven.home=C:\Program Files\apache-maven-3.9.16-bin\apache-maven-3.9.16" "-Dlibrary.jansi.path=C:\Program Files\apache-maven-3.9.16-bin\apache-maven-3.9.16\lib\jansi-native" -Dmaven.multiModuleProjectDirectory=C:\Users\ASUS\OneDrive\Desktop\tripnest\Travel-Planning-Trip-Management-Platform-Team2-intern_saisushma\tripnest-backend org.codehaus.plexus.classworlds.launcher.Launcher spring-boot:run) succeeded; PID=40500
[2026/08/31 23:04:17.644, java.exe (PID: 53568, TID: 62888), JavaEnvironment.cpp:502 (JavaEnvironment::detect)]
	TRACE: Entering JavaEnvironment::detect
[2026/08/31 23:04:17.656, java.exe (PID: 53568, TID: 62888), JavaEnvironment.cpp:519 (JavaEnvironment::detect)]
	TRACE: Installed Java detected: version=; arch=64; productCode={AA2685C5-73D8-54BD-A9B7-2701251A8921}; type=1
[2026/08/31 23:04:17.656, java.exe (PID: 53568, TID: 62888), JavaEnvironment.cpp:135 (`anonymous-namespace'::detectHomeDir)]
	TRACE: Find home dir of {AA2685C5-73D8-54BD-A9B7-2701251A8921} Java installation
[2026/08/31 23:04:17.658, java.exe (PID: 53568, TID: 62888), JavaEnvironment.cpp:302 (`anonymous-namespace'::detectFullVersion)]
	TRACE: Detect full version of {AA2685C5-73D8-54BD-A9B7-2701251A8921} Java installation
[2026/08/31 23:04:17.658, java.exe (PID: 53568, TID: 62888), JavaEnvironment.cpp:213 (`anonymous-namespace'::detectFullVersionFromMsi)]
	TRACE: detectFullVersionFromMsi({AA2685C5-73D8-54BD-A9B7-2701251A8921})
[2026/08/31 23:04:17.660, java.exe (PID: 53568, TID: 62888), JavaEnvironment.cpp:481 (`anonymous-namespace'::getInstalledJava)]
	TRACE: InstalledJava(22.0.2+9|22.0.2+9|JDK|64bit|C:\Program Files\Java\jdk-22|{AA2685C5-73D8-54BD-A9B7-2701251A8921}|-10|)
[2026/08/31 23:04:17.662, java.exe (PID: 53568, TID: 62888), JavaEnvironment.cpp:519 (JavaEnvironment::detect)]
	TRACE: Installed Java detected: version=; arch=64; productCode={7AC0DED7-7B0B-5E37-B366-CEF8BE7F4CDE}; type=1
[2026/08/31 23:04:17.663, java.exe (PID: 53568, TID: 62888), JavaEnvironment.cpp:135 (`anonymous-namespace'::detectHomeDir)]
	TRACE: Find home dir of {7AC0DED7-7B0B-5E37-B366-CEF8BE7F4CDE} Java installation
[2026/08/31 23:04:17.663, java.exe (PID: 53568, TID: 62888), JavaEnvironment.cpp:302 (`anonymous-namespace'::detectFullVersion)]
	TRACE: Detect full version of {7AC0DED7-7B0B-5E37-B366-CEF8BE7F4CDE} Java installation
[2026/08/31 23:04:17.663, java.exe (PID: 53568, TID: 62888), JavaEnvironment.cpp:213 (`anonymous-namespace'::detectFullVersionFromMsi)]
	TRACE: detectFullVersionFromMsi({7AC0DED7-7B0B-5E37-B366-CEF8BE7F4CDE})
[2026/08/31 23:04:17.663, java.exe (PID: 53568, TID: 62888), JavaEnvironment.cpp:481 (`anonymous-namespace'::getInstalledJava)]
	TRACE: InstalledJava(25.0.2+10|25.0.2+10|JDK|64bit|C:\Program Files\Java\jdk-25.0.2|{7AC0DED7-7B0B-5E37-B366-CEF8BE7F4CDE}|-10|)
[2026/08/31 23:04:17.667, java.exe (PID: 53568, TID: 62888), JavaEnvironment.cpp:0 (JavaEnvironment::detect)]
	TRACE: Exiting JavaEnvironment::detect (entered at JavaEnvironment.cpp:502)
[2026/08/31 23:04:17.675, java.exe (PID: 53568, TID: 62888), Executor.cpp:706 (Executor2::startProcess)]
	TRACE: CreateProcess(C:\Program Files\Java\jdk-25.0.2\bin\java.exe, "C:\Program Files\Java\jdk-25.0.2\bin\java.exe" --enable-native-access=ALL-UNNAMED -version) succeeded; PID=61012
[2026/08/31 23:04:17.722, java.exe (PID: 53568, TID: 62888), Executor.cpp:667 (Executor2::execAndWait)]
	TRACE: Process with PID=61012 terminated. Exit code=0
[2026/08/31 23:04:17.747, java.exe (PID: 17928, TID: 63132), JavaEnvironment.cpp:502 (JavaEnvironment::detect)]
	TRACE: Entering JavaEnvironment::detect
[2026/08/31 23:04:17.759, java.exe (PID: 17928, TID: 63132), JavaEnvironment.cpp:519 (JavaEnvironment::detect)]
	TRACE: Installed Java detected: version=; arch=64; productCode={AA2685C5-73D8-54BD-A9B7-2701251A8921}; type=1
[2026/08/31 23:04:17.760, java.exe (PID: 17928, TID: 63132), JavaEnvironment.cpp:135 (`anonymous-namespace'::detectHomeDir)]
	TRACE: Find home dir of {AA2685C5-73D8-54BD-A9B7-2701251A8921} Java installation
[2026/08/31 23:04:17.761, java.exe (PID: 17928, TID: 63132), JavaEnvironment.cpp:302 (`anonymous-namespace'::detectFullVersion)]
	TRACE: Detect full version of {AA2685C5-73D8-54BD-A9B7-2701251A8921} Java installation
[2026/08/31 23:04:17.761, java.exe (PID: 17928, TID: 63132), JavaEnvironment.cpp:213 (`anonymous-namespace'::detectFullVersionFromMsi)]
	TRACE: detectFullVersionFromMsi({AA2685C5-73D8-54BD-A9B7-2701251A8921})
[2026/08/31 23:04:17.766, java.exe (PID: 17928, TID: 63132), JavaEnvironment.cpp:481 (`anonymous-namespace'::getInstalledJava)]
	TRACE: InstalledJava(22.0.2+9|22.0.2+9|JDK|64bit|C:\Program Files\Java\jdk-22|{AA2685C5-73D8-54BD-A9B7-2701251A8921}|-10|)
[2026/08/31 23:04:17.766, java.exe (PID: 17928, TID: 63132), JavaEnvironment.cpp:519 (JavaEnvironment::detect)]
	TRACE: Installed Java detected: version=; arch=64; productCode={7AC0DED7-7B0B-5E37-B366-CEF8BE7F4CDE}; type=1
[2026/08/31 23:04:17.766, java.exe (PID: 17928, TID: 63132), JavaEnvironment.cpp:135 (`anonymous-namespace'::detectHomeDir)]
	TRACE: Find home dir of {7AC0DED7-7B0B-5E37-B366-CEF8BE7F4CDE} Java installation
[2026/08/31 23:04:17.766, java.exe (PID: 17928, TID: 63132), JavaEnvironment.cpp:302 (`anonymous-namespace'::detectFullVersion)]
	TRACE: Detect full version of {7AC0DED7-7B0B-5E37-B366-CEF8BE7F4CDE} Java installation
[2026/08/31 23:04:17.766, java.exe (PID: 17928, TID: 63132), JavaEnvironment.cpp:213 (`anonymous-namespace'::detectFullVersionFromMsi)]
	TRACE: detectFullVersionFromMsi({7AC0DED7-7B0B-5E37-B366-CEF8BE7F4CDE})
[2026/08/31 23:04:17.770, java.exe (PID: 17928, TID: 63132), JavaEnvironment.cpp:481 (`anonymous-namespace'::getInstalledJava)]
	TRACE: InstalledJava(25.0.2+10|25.0.2+10|JDK|64bit|C:\Program Files\Java\jdk-25.0.2|{7AC0DED7-7B0B-5E37-B366-CEF8BE7F4CDE}|-10|)
[2026/08/31 23:04:17.773, java.exe (PID: 17928, TID: 63132), JavaEnvironment.cpp:0 (JavaEnvironment::detect)]
	TRACE: Exiting JavaEnvironment::detect (entered at JavaEnvironment.cpp:502)
[2026/08/31 23:04:17.776, java.exe (PID: 17928, TID: 63132), Executor.cpp:706 (Executor2::startProcess)]
	TRACE: CreateProcess(C:\Program Files\Java\jdk-25.0.2\bin\java.exe, "C:\Program Files\Java\jdk-25.0.2\bin\java.exe" --enable-native-access=ALL-UNNAMED -Duser.home=C:\Users\ASUS -classpath "C:\Program Files\apache-maven-3.9.16-bin\apache-maven-3.9.16\boot\plexus-classworlds-2.11.0.jar" "-Dclassworlds.conf=C:\Program Files\apache-maven-3.9.16-bin\apache-maven-3.9.16\bin\m2.conf" "-Dmaven.home=C:\Program Files\apache-maven-3.9.16-bin\apache-maven-3.9.16" "-Dlibrary.jansi.path=C:\Program Files\apache-maven-3.9.16-bin\apache-maven-3.9.16\lib\jansi-native" -Dmaven.multiModuleProjectDirectory=C:\Users\ASUS\OneDrive\Desktop\tripnest\Travel-Planning-Trip-Management-Platform-Team2-intern_saisushma\tripnest-backend org.codehaus.plexus.classworlds.launcher.Launcher spring-boot:run) succeeded; PID=4464
[2026/08/31 23:04:38.789, java.exe (PID: 44320, TID: 37332), JavaEnvironment.cpp:502 (JavaEnvironment::detect)]
	TRACE: Entering JavaEnvironment::detect
[2026/08/31 23:04:38.800, java.exe (PID: 44320, TID: 37332), JavaEnvironment.cpp:519 (JavaEnvironment::detect)]
	TRACE: Installed Java detected: version=; arch=64; productCode={AA2685C5-73D8-54BD-A9B7-2701251A8921}; type=1
[2026/08/31 23:04:38.800, java.exe (PID: 44320, TID: 37332), JavaEnvironment.cpp:135 (`anonymous-namespace'::detectHomeDir)]
	TRACE: Find home dir of {AA2685C5-73D8-54BD-A9B7-2701251A8921} Java installation
[2026/08/31 23:04:38.800, java.exe (PID: 44320, TID: 37332), JavaEnvironment.cpp:302 (`anonymous-namespace'::detectFullVersion)]
	TRACE: Detect full version of {AA2685C5-73D8-54BD-A9B7-2701251A8921} Java installation
[2026/08/31 23:04:38.803, java.exe (PID: 44320, TID: 37332), JavaEnvironment.cpp:213 (`anonymous-namespace'::detectFullVersionFromMsi)]
	TRACE: detectFullVersionFromMsi({AA2685C5-73D8-54BD-A9B7-2701251A8921})
[2026/08/31 23:04:38.805, java.exe (PID: 44320, TID: 37332), JavaEnvironment.cpp:481 (`anonymous-namespace'::getInstalledJava)]
	TRACE: InstalledJava(22.0.2+9|22.0.2+9|JDK|64bit|C:\Program Files\Java\jdk-22|{AA2685C5-73D8-54BD-A9B7-2701251A8921}|-10|)
[2026/08/31 23:04:38.805, java.exe (PID: 44320, TID: 37332), JavaEnvironment.cpp:519 (JavaEnvironment::detect)]
	TRACE: Installed Java detected: version=; arch=64; productCode={7AC0DED7-7B0B-5E37-B366-CEF8BE7F4CDE}; type=1
[2026/08/31 23:04:38.805, java.exe (PID: 44320, TID: 37332), JavaEnvironment.cpp:135 (`anonymous-namespace'::detectHomeDir)]
	TRACE: Find home dir of {7AC0DED7-7B0B-5E37-B366-CEF8BE7F4CDE} Java installation
[2026/08/31 23:04:38.805, java.exe (PID: 44320, TID: 37332), JavaEnvironment.cpp:302 (`anonymous-namespace'::detectFullVersion)]
	TRACE: Detect full version of {7AC0DED7-7B0B-5E37-B366-CEF8BE7F4CDE} Java installation
[2026/08/31 23:04:38.805, java.exe (PID: 44320, TID: 37332), JavaEnvironment.cpp:213 (`anonymous-namespace'::detectFullVersionFromMsi)]
	TRACE: detectFullVersionFromMsi({7AC0DED7-7B0B-5E37-B366-CEF8BE7F4CDE})
[2026/08/31 23:04:38.811, java.exe (PID: 44320, TID: 37332), JavaEnvironment.cpp:481 (`anonymous-namespace'::getInstalledJava)]
	TRACE: InstalledJava(25.0.2+10|25.0.2+10|JDK|64bit|C:\Program Files\Java\jdk-25.0.2|{7AC0DED7-7B0B-5E37-B366-CEF8BE7F4CDE}|-10|)
[2026/08/31 23:04:38.813, java.exe (PID: 44320, TID: 37332), JavaEnvironment.cpp:0 (JavaEnvironment::detect)]
	TRACE: Exiting JavaEnvironment::detect (entered at JavaEnvironment.cpp:502)
[2026/08/31 23:04:38.818, java.exe (PID: 44320, TID: 37332), Executor.cpp:706 (Executor2::startProcess)]
	TRACE: CreateProcess(C:\Program Files\Java\jdk-25.0.2\bin\java.exe, "C:\Program Files\Java\jdk-25.0.2\bin\java.exe" --enable-native-access=ALL-UNNAMED -version) succeeded; PID=23400
[2026/08/31 23:04:38.866, java.exe (PID: 44320, TID: 37332), Executor.cpp:667 (Executor2::execAndWait)]
	TRACE: Process with PID=23400 terminated. Exit code=0
[2026/08/31 23:04:38.882, java.exe (PID: 67280, TID: 5744), JavaEnvironment.cpp:502 (JavaEnvironment::detect)]
	TRACE: Entering JavaEnvironment::detect
[2026/08/31 23:04:38.894, java.exe (PID: 67280, TID: 5744), JavaEnvironment.cpp:519 (JavaEnvironment::detect)]
	TRACE: Installed Java detected: version=; arch=64; productCode={AA2685C5-73D8-54BD-A9B7-2701251A8921}; type=1
[2026/08/31 23:04:38.894, java.exe (PID: 67280, TID: 5744), JavaEnvironment.cpp:135 (`anonymous-namespace'::detectHomeDir)]
	TRACE: Find home dir of {AA2685C5-73D8-54BD-A9B7-2701251A8921} Java installation
[2026/08/31 23:04:38.894, java.exe (PID: 67280, TID: 5744), JavaEnvironment.cpp:302 (`anonymous-namespace'::detectFullVersion)]
	TRACE: Detect full version of {AA2685C5-73D8-54BD-A9B7-2701251A8921} Java installation
[2026/08/31 23:04:38.894, java.exe (PID: 67280, TID: 5744), JavaEnvironment.cpp:213 (`anonymous-namespace'::detectFullVersionFromMsi)]
	TRACE: detectFullVersionFromMsi({AA2685C5-73D8-54BD-A9B7-2701251A8921})
[2026/08/31 23:04:38.903, java.exe (PID: 67280, TID: 5744), JavaEnvironment.cpp:481 (`anonymous-namespace'::getInstalledJava)]
	TRACE: InstalledJava(22.0.2+9|22.0.2+9|JDK|64bit|C:\Program Files\Java\jdk-22|{AA2685C5-73D8-54BD-A9B7-2701251A8921}|-10|)
[2026/08/31 23:04:38.903, java.exe (PID: 67280, TID: 5744), JavaEnvironment.cpp:519 (JavaEnvironment::detect)]
	TRACE: Installed Java detected: version=; arch=64; productCode={7AC0DED7-7B0B-5E37-B366-CEF8BE7F4CDE}; type=1
[2026/08/31 23:04:38.904, java.exe (PID: 67280, TID: 5744), JavaEnvironment.cpp:135 (`anonymous-namespace'::detectHomeDir)]
	TRACE: Find home dir of {7AC0DED7-7B0B-5E37-B366-CEF8BE7F4CDE} Java installation
[2026/08/31 23:04:38.905, java.exe (PID: 67280, TID: 5744), JavaEnvironment.cpp:302 (`anonymous-namespace'::detectFullVersion)]
	TRACE: Detect full version of {7AC0DED7-7B0B-5E37-B366-CEF8BE7F4CDE} Java installation
[2026/08/31 23:04:38.905, java.exe (PID: 67280, TID: 5744), JavaEnvironment.cpp:213 (`anonymous-namespace'::detectFullVersionFromMsi)]
	TRACE: detectFullVersionFromMsi({7AC0DED7-7B0B-5E37-B366-CEF8BE7F4CDE})
[2026/08/31 23:04:38.906, java.exe (PID: 67280, TID: 5744), JavaEnvironment.cpp:481 (`anonymous-namespace'::getInstalledJava)]
	TRACE: InstalledJava(25.0.2+10|25.0.2+10|JDK|64bit|C:\Program Files\Java\jdk-25.0.2|{7AC0DED7-7B0B-5E37-B366-CEF8BE7F4CDE}|-10|)
[2026/08/31 23:04:38.910, java.exe (PID: 67280, TID: 5744), JavaEnvironment.cpp:0 (JavaEnvironment::detect)]
	TRACE: Exiting JavaEnvironment::detect (entered at JavaEnvironment.cpp:502)
[2026/08/31 23:04:38.921, java.exe (PID: 67280, TID: 5744), Executor.cpp:706 (Executor2::startProcess)]
	TRACE: CreateProcess(C:\Program Files\Java\jdk-25.0.2\bin\java.exe, "C:\Program Files\Java\jdk-25.0.2\bin\java.exe" --enable-native-access=ALL-UNNAMED -Duser.home=C:\Users\ASUS -classpath "C:\Program Files\apache-maven-3.9.16-bin\apache-maven-3.9.16\boot\plexus-classworlds-2.11.0.jar" "-Dclassworlds.conf=C:\Program Files\apache-maven-3.9.16-bin\apache-maven-3.9.16\bin\m2.conf" "-Dmaven.home=C:\Program Files\apache-maven-3.9.16-bin\apache-maven-3.9.16" "-Dlibrary.jansi.path=C:\Program Files\apache-maven-3.9.16-bin\apache-maven-3.9.16\lib\jansi-native" -Dmaven.multiModuleProjectDirectory=C:\Users\ASUS\OneDrive\Desktop\tripnest\Travel-Planning-Trip-Management-Platform-Team2-intern_saisushma\tripnest-backend org.codehaus.plexus.classworlds.launcher.Launcher spring-boot:run) succeeded; PID=40984
[2026/08/31 23:05:43.570, java.exe (PID: 29332, TID: 72804), JavaEnvironment.cpp:502 (JavaEnvironment::detect)]
	TRACE: Entering JavaEnvironment::detect
[2026/08/31 23:05:43.581, java.exe (PID: 29332, TID: 72804), JavaEnvironment.cpp:519 (JavaEnvironment::detect)]
	TRACE: Installed Java detected: version=; arch=64; productCode={AA2685C5-73D8-54BD-A9B7-2701251A8921}; type=1
[2026/08/31 23:05:43.581, java.exe (PID: 29332, TID: 72804), JavaEnvironment.cpp:135 (`anonymous-namespace'::detectHomeDir)]
	TRACE: Find home dir of {AA2685C5-73D8-54BD-A9B7-2701251A8921} Java installation
[2026/08/31 23:05:43.582, java.exe (PID: 29332, TID: 72804), JavaEnvironment.cpp:302 (`anonymous-namespace'::detectFullVersion)]
	TRACE: Detect full version of {AA2685C5-73D8-54BD-A9B7-2701251A8921} Java installation
[2026/08/31 23:05:43.582, java.exe (PID: 29332, TID: 72804), JavaEnvironment.cpp:213 (`anonymous-namespace'::detectFullVersionFromMsi)]
	TRACE: detectFullVersionFromMsi({AA2685C5-73D8-54BD-A9B7-2701251A8921})
[2026/08/31 23:05:43.586, java.exe (PID: 29332, TID: 72804), JavaEnvironment.cpp:481 (`anonymous-namespace'::getInstalledJava)]
	TRACE: InstalledJava(22.0.2+9|22.0.2+9|JDK|64bit|C:\Program Files\Java\jdk-22|{AA2685C5-73D8-54BD-A9B7-2701251A8921}|-10|)
[2026/08/31 23:05:43.586, java.exe (PID: 29332, TID: 72804), JavaEnvironment.cpp:519 (JavaEnvironment::detect)]
	TRACE: Installed Java detected: version=; arch=64; productCode={7AC0DED7-7B0B-5E37-B366-CEF8BE7F4CDE}; type=1
[2026/08/31 23:05:43.587, java.exe (PID: 29332, TID: 72804), JavaEnvironment.cpp:135 (`anonymous-namespace'::detectHomeDir)]
	TRACE: Find home dir of {7AC0DED7-7B0B-5E37-B366-CEF8BE7F4CDE} Java installation
[2026/08/31 23:05:43.587, java.exe (PID: 29332, TID: 72804), JavaEnvironment.cpp:302 (`anonymous-namespace'::detectFullVersion)]
	TRACE: Detect full version of {7AC0DED7-7B0B-5E37-B366-CEF8BE7F4CDE} Java installation
[2026/08/31 23:05:43.587, java.exe (PID: 29332, TID: 72804), JavaEnvironment.cpp:213 (`anonymous-namespace'::detectFullVersionFromMsi)]
	TRACE: detectFullVersionFromMsi({7AC0DED7-7B0B-5E37-B366-CEF8BE7F4CDE})
[2026/08/31 23:05:43.589, java.exe (PID: 29332, TID: 72804), JavaEnvironment.cpp:481 (`anonymous-namespace'::getInstalledJava)]
	TRACE: InstalledJava(25.0.2+10|25.0.2+10|JDK|64bit|C:\Program Files\Java\jdk-25.0.2|{7AC0DED7-7B0B-5E37-B366-CEF8BE7F4CDE}|-10|)
[2026/08/31 23:05:43.591, java.exe (PID: 29332, TID: 72804), JavaEnvironment.cpp:0 (JavaEnvironment::detect)]
	TRACE: Exiting JavaEnvironment::detect (entered at JavaEnvironment.cpp:502)
[2026/08/31 23:05:43.601, java.exe (PID: 29332, TID: 72804), Executor.cpp:706 (Executor2::startProcess)]
	TRACE: CreateProcess(C:\Program Files\Java\jdk-25.0.2\bin\java.exe, "C:\Program Files\Java\jdk-25.0.2\bin\java.exe" --enable-native-access=ALL-UNNAMED -version) succeeded; PID=72224
[2026/08/31 23:05:43.649, java.exe (PID: 29332, TID: 72804), Executor.cpp:667 (Executor2::execAndWait)]
	TRACE: Process with PID=72224 terminated. Exit code=0
[2026/08/31 23:05:43.667, java.exe (PID: 45068, TID: 18180), JavaEnvironment.cpp:502 (JavaEnvironment::detect)]
	TRACE: Entering JavaEnvironment::detect
[2026/08/31 23:05:43.676, java.exe (PID: 45068, TID: 18180), JavaEnvironment.cpp:519 (JavaEnvironment::detect)]
	TRACE: Installed Java detected: version=; arch=64; productCode={AA2685C5-73D8-54BD-A9B7-2701251A8921}; type=1
[2026/08/31 23:05:43.677, java.exe (PID: 45068, TID: 18180), JavaEnvironment.cpp:135 (`anonymous-namespace'::detectHomeDir)]
	TRACE: Find home dir of {AA2685C5-73D8-54BD-A9B7-2701251A8921} Java installation
[2026/08/31 23:05:43.677, java.exe (PID: 45068, TID: 18180), JavaEnvironment.cpp:302 (`anonymous-namespace'::detectFullVersion)]
	TRACE: Detect full version of {AA2685C5-73D8-54BD-A9B7-2701251A8921} Java installation
[2026/08/31 23:05:43.678, java.exe (PID: 45068, TID: 18180), JavaEnvironment.cpp:213 (`anonymous-namespace'::detectFullVersionFromMsi)]
	TRACE: detectFullVersionFromMsi({AA2685C5-73D8-54BD-A9B7-2701251A8921})
[2026/08/31 23:05:43.681, java.exe (PID: 45068, TID: 18180), JavaEnvironment.cpp:481 (`anonymous-namespace'::getInstalledJava)]
	TRACE: InstalledJava(22.0.2+9|22.0.2+9|JDK|64bit|C:\Program Files\Java\jdk-22|{AA2685C5-73D8-54BD-A9B7-2701251A8921}|-10|)
[2026/08/31 23:05:43.682, java.exe (PID: 45068, TID: 18180), JavaEnvironment.cpp:519 (JavaEnvironment::detect)]
	TRACE: Installed Java detected: version=; arch=64; productCode={7AC0DED7-7B0B-5E37-B366-CEF8BE7F4CDE}; type=1
[2026/08/31 23:05:43.682, java.exe (PID: 45068, TID: 18180), JavaEnvironment.cpp:135 (`anonymous-namespace'::detectHomeDir)]
	TRACE: Find home dir of {7AC0DED7-7B0B-5E37-B366-CEF8BE7F4CDE} Java installation
[2026/08/31 23:05:43.683, java.exe (PID: 45068, TID: 18180), JavaEnvironment.cpp:302 (`anonymous-namespace'::detectFullVersion)]
	TRACE: Detect full version of {7AC0DED7-7B0B-5E37-B366-CEF8BE7F4CDE} Java installation
[2026/08/31 23:05:43.683, java.exe (PID: 45068, TID: 18180), JavaEnvironment.cpp:213 (`anonymous-namespace'::detectFullVersionFromMsi)]
	TRACE: detectFullVersionFromMsi({7AC0DED7-7B0B-5E37-B366-CEF8BE7F4CDE})
[2026/08/31 23:05:43.685, java.exe (PID: 45068, TID: 18180), JavaEnvironment.cpp:481 (`anonymous-namespace'::getInstalledJava)]
	TRACE: InstalledJava(25.0.2+10|25.0.2+10|JDK|64bit|C:\Program Files\Java\jdk-25.0.2|{7AC0DED7-7B0B-5E37-B366-CEF8BE7F4CDE}|-10|)
[2026/08/31 23:05:43.687, java.exe (PID: 45068, TID: 18180), JavaEnvironment.cpp:0 (JavaEnvironment::detect)]
	TRACE: Exiting JavaEnvironment::detect (entered at JavaEnvironment.cpp:502)
[2026/08/31 23:05:43.694, java.exe (PID: 45068, TID: 18180), Executor.cpp:706 (Executor2::startProcess)]
	TRACE: CreateProcess(C:\Program Files\Java\jdk-25.0.2\bin\java.exe, "C:\Program Files\Java\jdk-25.0.2\bin\java.exe" --enable-native-access=ALL-UNNAMED -Duser.home=C:\Users\ASUS -classpath "C:\Program Files\apache-maven-3.9.16-bin\apache-maven-3.9.16\boot\plexus-classworlds-2.11.0.jar" "-Dclassworlds.conf=C:\Program Files\apache-maven-3.9.16-bin\apache-maven-3.9.16\bin\m2.conf" "-Dmaven.home=C:\Program Files\apache-maven-3.9.16-bin\apache-maven-3.9.16" "-Dlibrary.jansi.path=C:\Program Files\apache-maven-3.9.16-bin\apache-maven-3.9.16\lib\jansi-native" -Dmaven.multiModuleProjectDirectory=C:\Users\ASUS\OneDrive\Desktop\tripnest\Travel-Planning-Trip-Management-Platform-Team2-intern_saisushma\tripnest-backend org.codehaus.plexus.classworlds.launcher.Launcher spring-boot:run) succeeded; PID=64436
[2026/08/31 23:06:11.412, java.exe (PID: 45068, TID: 18180), Executor.cpp:667 (Executor2::execAndWait)]
	TRACE: Process with PID=64436 terminated. Exit code=0
[2026/08/31 23:06:48.327, java.exe (PID: 12716, TID: 41576), JavaEnvironment.cpp:502 (JavaEnvironment::detect)]
	TRACE: Entering JavaEnvironment::detect
[2026/08/31 23:06:48.341, java.exe (PID: 12716, TID: 41576), JavaEnvironment.cpp:519 (JavaEnvironment::detect)]
	TRACE: Installed Java detected: version=; arch=64; productCode={AA2685C5-73D8-54BD-A9B7-2701251A8921}; type=1
[2026/08/31 23:06:48.341, java.exe (PID: 12716, TID: 41576), JavaEnvironment.cpp:135 (`anonymous-namespace'::detectHomeDir)]
	TRACE: Find home dir of {AA2685C5-73D8-54BD-A9B7-2701251A8921} Java installation
[2026/08/31 23:06:48.348, java.exe (PID: 12716, TID: 41576), JavaEnvironment.cpp:302 (`anonymous-namespace'::detectFullVersion)]
	TRACE: Detect full version of {AA2685C5-73D8-54BD-A9B7-2701251A8921} Java installation
[2026/08/31 23:06:48.348, java.exe (PID: 12716, TID: 41576), JavaEnvironment.cpp:213 (`anonymous-namespace'::detectFullVersionFromMsi)]
	TRACE: detectFullVersionFromMsi({AA2685C5-73D8-54BD-A9B7-2701251A8921})
[2026/08/31 23:06:48.352, java.exe (PID: 12716, TID: 41576), JavaEnvironment.cpp:481 (`anonymous-namespace'::getInstalledJava)]
	TRACE: InstalledJava(22.0.2+9|22.0.2+9|JDK|64bit|C:\Program Files\Java\jdk-22|{AA2685C5-73D8-54BD-A9B7-2701251A8921}|-10|)
[2026/08/31 23:06:48.353, java.exe (PID: 12716, TID: 41576), JavaEnvironment.cpp:519 (JavaEnvironment::detect)]
	TRACE: Installed Java detected: version=; arch=64; productCode={7AC0DED7-7B0B-5E37-B366-CEF8BE7F4CDE}; type=1
[2026/08/31 23:06:48.355, java.exe (PID: 12716, TID: 41576), JavaEnvironment.cpp:135 (`anonymous-namespace'::detectHomeDir)]
	TRACE: Find home dir of {7AC0DED7-7B0B-5E37-B366-CEF8BE7F4CDE} Java installation
[2026/08/31 23:06:48.355, java.exe (PID: 12716, TID: 41576), JavaEnvironment.cpp:302 (`anonymous-namespace'::detectFullVersion)]
	TRACE: Detect full version of {7AC0DED7-7B0B-5E37-B366-CEF8BE7F4CDE} Java installation
[2026/08/31 23:06:48.355, java.exe (PID: 12716, TID: 41576), JavaEnvironment.cpp:213 (`anonymous-namespace'::detectFullVersionFromMsi)]
	TRACE: detectFullVersionFromMsi({7AC0DED7-7B0B-5E37-B366-CEF8BE7F4CDE})
[2026/08/31 23:06:48.358, java.exe (PID: 12716, TID: 41576), JavaEnvironment.cpp:481 (`anonymous-namespace'::getInstalledJava)]
	TRACE: InstalledJava(25.0.2+10|25.0.2+10|JDK|64bit|C:\Program Files\Java\jdk-25.0.2|{7AC0DED7-7B0B-5E37-B366-CEF8BE7F4CDE}|-10|)
[2026/08/31 23:06:48.362, java.exe (PID: 12716, TID: 41576), JavaEnvironment.cpp:0 (JavaEnvironment::detect)]
	TRACE: Exiting JavaEnvironment::detect (entered at JavaEnvironment.cpp:502)
[2026/08/31 23:06:48.369, java.exe (PID: 12716, TID: 41576), Executor.cpp:706 (Executor2::startProcess)]
	TRACE: CreateProcess(C:\Program Files\Java\jdk-25.0.2\bin\java.exe, "C:\Program Files\Java\jdk-25.0.2\bin\java.exe" --enable-native-access=ALL-UNNAMED -version) succeeded; PID=11504
[2026/08/31 23:06:48.424, java.exe (PID: 12716, TID: 41576), Executor.cpp:667 (Executor2::execAndWait)]
	TRACE: Process with PID=11504 terminated. Exit code=0
[2026/08/31 23:06:48.439, java.exe (PID: 60788, TID: 17500), JavaEnvironment.cpp:502 (JavaEnvironment::detect)]
	TRACE: Entering JavaEnvironment::detect
[2026/08/31 23:06:48.452, java.exe (PID: 60788, TID: 17500), JavaEnvironment.cpp:519 (JavaEnvironment::detect)]
	TRACE: Installed Java detected: version=; arch=64; productCode={AA2685C5-73D8-54BD-A9B7-2701251A8921}; type=1
[2026/08/31 23:06:48.452, java.exe (PID: 60788, TID: 17500), JavaEnvironment.cpp:135 (`anonymous-namespace'::detectHomeDir)]
	TRACE: Find home dir of {AA2685C5-73D8-54BD-A9B7-2701251A8921} Java installation
[2026/08/31 23:06:48.452, java.exe (PID: 60788, TID: 17500), JavaEnvironment.cpp:302 (`anonymous-namespace'::detectFullVersion)]
	TRACE: Detect full version of {AA2685C5-73D8-54BD-A9B7-2701251A8921} Java installation
[2026/08/31 23:06:48.452, java.exe (PID: 60788, TID: 17500), JavaEnvironment.cpp:213 (`anonymous-namespace'::detectFullVersionFromMsi)]
	TRACE: detectFullVersionFromMsi({AA2685C5-73D8-54BD-A9B7-2701251A8921})
[2026/08/31 23:06:48.452, java.exe (PID: 60788, TID: 17500), JavaEnvironment.cpp:481 (`anonymous-namespace'::getInstalledJava)]
	TRACE: InstalledJava(22.0.2+9|22.0.2+9|JDK|64bit|C:\Program Files\Java\jdk-22|{AA2685C5-73D8-54BD-A9B7-2701251A8921}|-10|)
[2026/08/31 23:06:48.452, java.exe (PID: 60788, TID: 17500), JavaEnvironment.cpp:519 (JavaEnvironment::detect)]
	TRACE: Installed Java detected: version=; arch=64; productCode={7AC0DED7-7B0B-5E37-B366-CEF8BE7F4CDE}; type=1
[2026/08/31 23:06:48.452, java.exe (PID: 60788, TID: 17500), JavaEnvironment.cpp:135 (`anonymous-namespace'::detectHomeDir)]
	TRACE: Find home dir of {7AC0DED7-7B0B-5E37-B366-CEF8BE7F4CDE} Java installation
[2026/08/31 23:06:48.452, java.exe (PID: 60788, TID: 17500), JavaEnvironment.cpp:302 (`anonymous-namespace'::detectFullVersion)]
	TRACE: Detect full version of {7AC0DED7-7B0B-5E37-B366-CEF8BE7F4CDE} Java installation
[2026/08/31 23:06:48.459, java.exe (PID: 60788, TID: 17500), JavaEnvironment.cpp:213 (`anonymous-namespace'::detectFullVersionFromMsi)]
	TRACE: detectFullVersionFromMsi({7AC0DED7-7B0B-5E37-B366-CEF8BE7F4CDE})
[2026/08/31 23:06:48.459, java.exe (PID: 60788, TID: 17500), JavaEnvironment.cpp:481 (`anonymous-namespace'::getInstalledJava)]
	TRACE: InstalledJava(25.0.2+10|25.0.2+10|JDK|64bit|C:\Program Files\Java\jdk-25.0.2|{7AC0DED7-7B0B-5E37-B366-CEF8BE7F4CDE}|-10|)
[2026/08/31 23:06:48.459, java.exe (PID: 60788, TID: 17500), JavaEnvironment.cpp:0 (JavaEnvironment::detect)]
	TRACE: Exiting JavaEnvironment::detect (entered at JavaEnvironment.cpp:502)
[2026/08/31 23:06:48.466, java.exe (PID: 60788, TID: 17500), Executor.cpp:706 (Executor2::startProcess)]
	TRACE: CreateProcess(C:\Program Files\Java\jdk-25.0.2\bin\java.exe, "C:\Program Files\Java\jdk-25.0.2\bin\java.exe" --enable-native-access=ALL-UNNAMED -Duser.home=C:\Users\ASUS -classpath "C:\Program Files\apache-maven-3.9.16-bin\apache-maven-3.9.16\boot\plexus-classworlds-2.11.0.jar" "-Dclassworlds.conf=C:\Program Files\apache-maven-3.9.16-bin\apache-maven-3.9.16\bin\m2.conf" "-Dmaven.home=C:\Program Files\apache-maven-3.9.16-bin\apache-maven-3.9.16" "-Dlibrary.jansi.path=C:\Program Files\apache-maven-3.9.16-bin\apache-maven-3.9.16\lib\jansi-native" -Dmaven.multiModuleProjectDirectory=C:\Users\ASUS\OneDrive\Desktop\tripnest\Travel-Planning-Trip-Management-Platform-Team2-intern_saisushma\tripnest-backend org.codehaus.plexus.classworlds.launcher.Launcher spring-boot:run) succeeded; PID=56404
[2026/08/31 23:06:55.334, java.exe (PID: 60788, TID: 17500), Executor.cpp:667 (Executor2::execAndWait)]
	TRACE: Process with PID=56404 terminated. Exit code=1
[2026/08/31 23:07:10.285, java.exe (PID: 48796, TID: 66376), JavaEnvironment.cpp:502 (JavaEnvironment::detect)]
	TRACE: Entering JavaEnvironment::detect
[2026/08/31 23:07:10.300, java.exe (PID: 48796, TID: 66376), JavaEnvironment.cpp:519 (JavaEnvironment::detect)]
	TRACE: Installed Java detected: version=; arch=64; productCode={AA2685C5-73D8-54BD-A9B7-2701251A8921}; type=1
[2026/08/31 23:07:10.300, java.exe (PID: 48796, TID: 66376), JavaEnvironment.cpp:135 (`anonymous-namespace'::detectHomeDir)]
	TRACE: Find home dir of {AA2685C5-73D8-54BD-A9B7-2701251A8921} Java installation
[2026/08/31 23:07:10.300, java.exe (PID: 48796, TID: 66376), JavaEnvironment.cpp:302 (`anonymous-namespace'::detectFullVersion)]
	TRACE: Detect full version of {AA2685C5-73D8-54BD-A9B7-2701251A8921} Java installation
[2026/08/31 23:07:10.300, java.exe (PID: 48796, TID: 66376), JavaEnvironment.cpp:213 (`anonymous-namespace'::detectFullVersionFromMsi)]
	TRACE: detectFullVersionFromMsi({AA2685C5-73D8-54BD-A9B7-2701251A8921})
[2026/08/31 23:07:10.311, java.exe (PID: 48796, TID: 66376), JavaEnvironment.cpp:481 (`anonymous-namespace'::getInstalledJava)]
	TRACE: InstalledJava(22.0.2+9|22.0.2+9|JDK|64bit|C:\Program Files\Java\jdk-22|{AA2685C5-73D8-54BD-A9B7-2701251A8921}|-10|)
[2026/08/31 23:07:10.311, java.exe (PID: 48796, TID: 66376), JavaEnvironment.cpp:519 (JavaEnvironment::detect)]
	TRACE: Installed Java detected: version=; arch=64; productCode={7AC0DED7-7B0B-5E37-B366-CEF8BE7F4CDE}; type=1
[2026/08/31 23:07:10.311, java.exe (PID: 48796, TID: 66376), JavaEnvironment.cpp:135 (`anonymous-namespace'::detectHomeDir)]
	TRACE: Find home dir of {7AC0DED7-7B0B-5E37-B366-CEF8BE7F4CDE} Java installation
[2026/08/31 23:07:10.311, java.exe (PID: 48796, TID: 66376), JavaEnvironment.cpp:302 (`anonymous-namespace'::detectFullVersion)]
	TRACE: Detect full version of {7AC0DED7-7B0B-5E37-B366-CEF8BE7F4CDE} Java installation
[2026/08/31 23:07:10.311, java.exe (PID: 48796, TID: 66376), JavaEnvironment.cpp:213 (`anonymous-namespace'::detectFullVersionFromMsi)]
	TRACE: detectFullVersionFromMsi({7AC0DED7-7B0B-5E37-B366-CEF8BE7F4CDE})
[2026/08/31 23:07:10.316, java.exe (PID: 48796, TID: 66376), JavaEnvironment.cpp:481 (`anonymous-namespace'::getInstalledJava)]
	TRACE: InstalledJava(25.0.2+10|25.0.2+10|JDK|64bit|C:\Program Files\Java\jdk-25.0.2|{7AC0DED7-7B0B-5E37-B366-CEF8BE7F4CDE}|-10|)
[2026/08/31 23:07:10.318, java.exe (PID: 48796, TID: 66376), JavaEnvironment.cpp:0 (JavaEnvironment::detect)]
	TRACE: Exiting JavaEnvironment::detect (entered at JavaEnvironment.cpp:502)
[2026/08/31 23:07:10.327, java.exe (PID: 48796, TID: 66376), Executor.cpp:706 (Executor2::startProcess)]
	TRACE: CreateProcess(C:\Program Files\Java\jdk-25.0.2\bin\java.exe, "C:\Program Files\Java\jdk-25.0.2\bin\java.exe" --enable-native-access=ALL-UNNAMED -version) succeeded; PID=70316
[2026/08/31 23:07:10.370, java.exe (PID: 48796, TID: 66376), Executor.cpp:667 (Executor2::execAndWait)]
	TRACE: Process with PID=70316 terminated. Exit code=0
[2026/08/31 23:07:10.386, java.exe (PID: 43160, TID: 46536), JavaEnvironment.cpp:502 (JavaEnvironment::detect)]
	TRACE: Entering JavaEnvironment::detect
[2026/08/31 23:07:10.396, java.exe (PID: 43160, TID: 46536), JavaEnvironment.cpp:519 (JavaEnvironment::detect)]
	TRACE: Installed Java detected: version=; arch=64; productCode={AA2685C5-73D8-54BD-A9B7-2701251A8921}; type=1
[2026/08/31 23:07:10.397, java.exe (PID: 43160, TID: 46536), JavaEnvironment.cpp:135 (`anonymous-namespace'::detectHomeDir)]
	TRACE: Find home dir of {AA2685C5-73D8-54BD-A9B7-2701251A8921} Java installation
[2026/08/31 23:07:10.397, java.exe (PID: 43160, TID: 46536), JavaEnvironment.cpp:302 (`anonymous-namespace'::detectFullVersion)]
	TRACE: Detect full version of {AA2685C5-73D8-54BD-A9B7-2701251A8921} Java installation
[2026/08/31 23:07:10.398, java.exe (PID: 43160, TID: 46536), JavaEnvironment.cpp:213 (`anonymous-namespace'::detectFullVersionFromMsi)]
	TRACE: detectFullVersionFromMsi({AA2685C5-73D8-54BD-A9B7-2701251A8921})
[2026/08/31 23:07:10.401, java.exe (PID: 43160, TID: 46536), JavaEnvironment.cpp:481 (`anonymous-namespace'::getInstalledJava)]
	TRACE: InstalledJava(22.0.2+9|22.0.2+9|JDK|64bit|C:\Program Files\Java\jdk-22|{AA2685C5-73D8-54BD-A9B7-2701251A8921}|-10|)
[2026/08/31 23:07:10.402, java.exe (PID: 43160, TID: 46536), JavaEnvironment.cpp:519 (JavaEnvironment::detect)]
	TRACE: Installed Java detected: version=; arch=64; productCode={7AC0DED7-7B0B-5E37-B366-CEF8BE7F4CDE}; type=1
[2026/08/31 23:07:10.402, java.exe (PID: 43160, TID: 46536), JavaEnvironment.cpp:135 (`anonymous-namespace'::detectHomeDir)]
	TRACE: Find home dir of {7AC0DED7-7B0B-5E37-B366-CEF8BE7F4CDE} Java installation
[2026/08/31 23:07:10.402, java.exe (PID: 43160, TID: 46536), JavaEnvironment.cpp:302 (`anonymous-namespace'::detectFullVersion)]
	TRACE: Detect full version of {7AC0DED7-7B0B-5E37-B366-CEF8BE7F4CDE} Java installation
[2026/08/31 23:07:10.403, java.exe (PID: 43160, TID: 46536), JavaEnvironment.cpp:213 (`anonymous-namespace'::detectFullVersionFromMsi)]
	TRACE: detectFullVersionFromMsi({7AC0DED7-7B0B-5E37-B366-CEF8BE7F4CDE})
[2026/08/31 23:07:10.404, java.exe (PID: 43160, TID: 46536), JavaEnvironment.cpp:481 (`anonymous-namespace'::getInstalledJava)]
	TRACE: InstalledJava(25.0.2+10|25.0.2+10|JDK|64bit|C:\Program Files\Java\jdk-25.0.2|{7AC0DED7-7B0B-5E37-B366-CEF8BE7F4CDE}|-10|)
[2026/08/31 23:07:10.407, java.exe (PID: 43160, TID: 46536), JavaEnvironment.cpp:0 (JavaEnvironment::detect)]
	TRACE: Exiting JavaEnvironment::detect (entered at JavaEnvironment.cpp:502)
[2026/08/31 23:07:10.417, java.exe (PID: 43160, TID: 46536), Executor.cpp:706 (Executor2::startProcess)]
	TRACE: CreateProcess(C:\Program Files\Java\jdk-25.0.2\bin\java.exe, "C:\Program Files\Java\jdk-25.0.2\bin\java.exe" --enable-native-access=ALL-UNNAMED -Duser.home=C:\Users\ASUS -classpath "C:\Program Files\apache-maven-3.9.16-bin\apache-maven-3.9.16\boot\plexus-classworlds-2.11.0.jar" "-Dclassworlds.conf=C:\Program Files\apache-maven-3.9.16-bin\apache-maven-3.9.16\bin\m2.conf" "-Dmaven.home=C:\Program Files\apache-maven-3.9.16-bin\apache-maven-3.9.16" "-Dlibrary.jansi.path=C:\Program Files\apache-maven-3.9.16-bin\apache-maven-3.9.16\lib\jansi-native" -Dmaven.multiModuleProjectDirectory=C:\Users\ASUS\OneDrive\Desktop\tripnest\Travel-Planning-Trip-Management-Platform-Team2-intern_saisushma\tripnest-backend org.codehaus.plexus.classworlds.launcher.Launcher spring-boot:run) succeeded; PID=32400
